Component: ARM Compiler 5.06 update 7 (build 960) Tool: armlink [4d3601]

==============================================================================

Section Cross References

    startup_meteo.o(STACK) refers (Special) to heapauxi.o(.text) for __use_two_region_memory
    startup_meteo.o(HEAP) refers (Special) to heapauxi.o(.text) for __use_two_region_memory
    startup_meteo.o(RESET) refers (Special) to heapauxi.o(.text) for __use_two_region_memory
    startup_meteo.o(RESET) refers to startup_meteo.o(STACK) for __initial_sp
    startup_meteo.o(RESET) refers to startup_meteo.o(.text) for Reset_Handler
    startup_meteo.o(RESET) refers to delay.o(i.SysTick_Handler) for SysTick_Handler
    startup_meteo.o(RESET) refers to main.o(i.UARTRX0_Handler) for UARTRX0_Handler
    startup_meteo.o(RESET) refers to main.o(i.UARTRX1_Handler) for UARTRX1_Handler
    startup_meteo.o(.text) refers (Special) to heapauxi.o(.text) for __use_two_region_memory
    startup_meteo.o(.text) refers to system_meteo.o(i.SystemInit) for SystemInit
    startup_meteo.o(.text) refers to __main.o(!!!main) for __main
    startup_meteo.o(.text) refers to startup_meteo.o(HEAP) for Heap_Mem
    startup_meteo.o(.text) refers to startup_meteo.o(STACK) for Stack_Mem
    main.o(i.APP_Display) refers to _printf_percent.o(.ARM.Collect$$_printf_percent$$00000000) for _printf_percent
    main.o(i.APP_Display) refers to _printf_f.o(.ARM.Collect$$_printf_percent$$00000003) for _printf_f
    main.o(i.APP_Display) refers to printf1.o(x$fpl$printf1) for _printf_fp_dec
    main.o(i.APP_Display) refers to fflti.o(.text) for __aeabi_ui2f
    main.o(i.APP_Display) refers to fdiv.o(.text) for __aeabi_fdiv
    main.o(i.APP_Display) refers to f2d.o(.text) for __aeabi_f2d
    main.o(i.APP_Display) refers to noretval__2sprintf.o(.text) for __2sprintf
    main.o(i.APP_Display) refers to system_usart.o(i.CMSDK_SendString) for CMSDK_SendString
    main.o(i.APP_Display) refers to main.o(.data) for .data
    main.o(i.STORE) refers to nixie_tube.o(i.SEG_Clear_all) for SEG_Clear_all
    main.o(i.STORE) refers to nixie_tube.o(i.nixie_display_num) for nixie_display_num
    main.o(i.STORE) refers to delay.o(i.delay_ms) for delay_ms
    main.o(i.STORE) refers to nixie_tube.o(i.Display_FM) for Display_FM
    main.o(i.STORE) refers to oled.o(i.OLED_ShowString) for OLED_ShowString
    main.o(i.STORE) refers to keyboard.o(.data) for FM_Value
    main.o(i.Search) refers to oled.o(i.OLED_ShowString) for OLED_ShowString
    main.o(i.Search) refers to nixie_tube.o(i.nixie_display_num) for nixie_display_num
    main.o(i.Show_Maps) refers to lcd.o(i.LCD_Clear) for LCD_Clear
    main.o(i.Show_Maps) refers to lcd.o(i.LCD_Fill) for LCD_Fill
    main.o(i.Show_Maps) refers to lcd.o(i.LCD_DrawRectangle) for LCD_DrawRectangle
    main.o(i.Show_Maps) refers to lcd.o(i.LCD_DrawLine) for LCD_DrawLine
    main.o(i.Show_Maps) refers to lcd.o(i.LCD_ShowString) for LCD_ShowString
    main.o(i.StoreFM_Display) refers to lcd.o(i.LCD_Clear) for LCD_Clear
    main.o(i.StoreFM_Display) refers to lcd.o(i.LCD_Fill) for LCD_Fill
    main.o(i.StoreFM_Display) refers to lcd.o(i.LCD_ShowString) for LCD_ShowString
    main.o(i.StoreFM_Display) refers to lcd.o(i.LCD_ShowIntNum) for LCD_ShowIntNum
    main.o(i.StoreFM_Display) refers to main.o(.bss) for .bss
    main.o(i.TAKE) refers to nixie_tube.o(i.SEG_Clear_all) for SEG_Clear_all
    main.o(i.TAKE) refers to nixie_tube.o(i.nixie_display_num) for nixie_display_num
    main.o(i.TAKE) refers to delay.o(i.delay_ms) for delay_ms
    main.o(i.TAKE) refers to nixie_tube.o(i.Display_FM) for Display_FM
    main.o(i.TAKE) refers to oled.o(i.OLED_ShowString) for OLED_ShowString
    main.o(i.TAKE) refers to keyboard.o(.data) for FM_Value
    main.o(i.UARTRX0_Handler) refers to system_usart.o(i.CMSDK_uart_ClearRxIRQ) for CMSDK_uart_ClearRxIRQ
    main.o(i.UARTRX0_Handler) refers to nixie_tube.o(i.Display_FM) for Display_FM
    main.o(i.UARTRX0_Handler) refers to delay.o(i.delay_ms) for delay_ms
    main.o(i.UARTRX0_Handler) refers to system_usart.o(i.CMSDK_uart_SendChar) for CMSDK_uart_SendChar
    main.o(i.UARTRX0_Handler) refers to main.o(i.Show_Maps) for Show_Maps
    main.o(i.UARTRX0_Handler) refers to rand.o(.emb_text) for rand
    main.o(i.UARTRX0_Handler) refers to aeabi_sdiv.o(.text) for __aeabi_idivmod
    main.o(i.UARTRX0_Handler) refers to fflti.o(.text) for __aeabi_i2f
    main.o(i.UARTRX0_Handler) refers to fdiv.o(.text) for __aeabi_fdiv
    main.o(i.UARTRX0_Handler) refers to faddsub.o(x$fpl$fadd) for __aeabi_fadd
    main.o(i.UARTRX0_Handler) refers to lcd.o(i.LCD_ShowFloatNum1) for LCD_ShowFloatNum1
    main.o(i.UARTRX0_Handler) refers to lcd.o(i.Draw_Circle) for Draw_Circle
    main.o(i.UARTRX0_Handler) refers to ffixi.o(.text) for __aeabi_f2iz
    main.o(i.UARTRX0_Handler) refers to keyboard.o(.data) for FM_Value
    main.o(i.UARTRX0_Handler) refers to main.o(.data) for .data
[...]
    Removing oled.o(i.OLED_ShowCHinese), (80 bytes).
    Removing oled.o(i.OLED_ShowFNum), (192 bytes).
    Removing oled.o(i.fill_picture), (60 bytes).
    Removing oled.o(.data), (320 bytes).
    Removing 24cxx.o(.rev16_text), (4 bytes).
    Removing 24cxx.o(.revsh_text), (4 bytes).
    Removing 24cxx.o(i.AT24CXX_Check), (42 bytes).
    Removing 24cxx.o(i.AT24CXX_Init), (48 bytes).
    Removing 24cxx.o(i.AT24CXX_Read), (34 bytes).
    Removing 24cxx.o(i.AT24CXX_ReadLenByte), (38 bytes).
    Removing 24cxx.o(i.AT24CXX_ReadOneByte), (64 bytes).
    Removing 24cxx.o(i.AT24CXX_Write), (36 bytes).
    Removing 24cxx.o(i.AT24CXX_WriteLenByte), (38 bytes).
    Removing 24cxx.o(i.AT24CXX_WriteOneByte), (58 bytes).
    Removing 24cxx.o(i.AT_IIC_Ack), (76 bytes).
    Removing 24cxx.o(i.AT_IIC_NAck), (68 bytes).
    Removing 24cxx.o(i.AT_IIC_Read_Byte), (108 bytes).
    Removing 24cxx.o(i.AT_IIC_Send_Byte), (104 bytes).
    Removing 24cxx.o(i.AT_IIC_Start), (72 bytes).
    Removing 24cxx.o(i.AT_IIC_Stop), (72 bytes).
    Removing 24cxx.o(i.AT_IIC_Wait_Ack), (100 bytes).
    Removing lcd.o(.rev16_text), (4 bytes).
    Removing lcd.o(.revsh_text), (4 bytes).
    Removing lcd.o(i.LCDOpenWindows), (122 bytes).
    Removing lcd.o(i.LCD_ShowPicture), (74 bytes).
    Removing lcd.o(i.LCD_ili9341_DrawPicture), (8 bytes).
    Removing lcd.o(.constdata), (130 bytes).
    Removing lcd.o(.constdata), (1462 bytes).
    Removing lcd.o(.constdata), (370 bytes).
    Removing lcd.o(.constdata), (650 bytes).
    Removing delay.o(.rev16_text), (4 bytes).
    Removing delay.o(.revsh_text), (4 bytes).

90 unused section(s) (total 5892 bytes) removed from the image.

==============================================================================

Image Symbol Table

    Local Symbols

    Symbol Name                              Value     Ov Type        Size  Object(Section)

    RESET                                    0x00000000   Section      168  startup_meteo.o(RESET)
    ../clib/angel/boardlib.s                 0x00000000   Number         0  boardshut.o ABSOLUTE
    ../clib/angel/boardlib.s                 0x00000000   Number         0  boardinit2.o ABSOLUTE
    ../clib/angel/boardlib.s                 0x00000000   Number         0  boardinit3.o ABSOLUTE
    ../clib/angel/boardlib.s                 0x00000000   Number         0  boardinit1.o ABSOLUTE
    ../clib/angel/handlers.s                 0x00000000   Number         0  __scatter_copy.o ABSOLUTE
    ../clib/angel/handlers.s                 0x00000000   Number         0  __scatter_zi.o ABSOLUTE
    ../clib/angel/kernel.s                   0x00000000   Number         0  rtexit.o ABSOLUTE
    ../clib/angel/kernel.s                   0x00000000   Number         0  __rtentry.o ABSOLUTE
    ../clib/angel/kernel.s                   0x00000000   Number         0  __rtentry4.o ABSOLUTE
    ../clib/angel/kernel.s                   0x00000000   Number         0  rtexit2.o ABSOLUTE
    ../clib/angel/kernel.s                   0x00000000   Number         0  __rtentry2.o ABSOLUTE
    ../clib/angel/rt.s                       0x00000000   Number         0  rt_errno_addr.o ABSOLUTE
    ../clib/angel/rt.s                       0x00000000   Number         0  aeabi_idiv0.o ABSOLUTE
    ../clib/angel/rt.s                       0x00000000   Number         0  aeabi_idiv0_sigfpe.o ABSOLUTE
    ../clib/angel/rt.s                       0x00000000   Number         0  rt_div0.o ABSOLUTE
    ../clib/angel/rt.s                       0x00000000   Number         0  rt_locale.o ABSOLUTE
    ../clib/angel/rt.s                       0x00000000   Number         0  rt_locale_intlibspace.o ABSOLUTE
    ../clib/angel/rt.s                       0x00000000   Number         0  rt_raise.o ABSOLUTE
    ../clib/angel/rt.s                       0x00000000   Number         0  rt_ctype_table.o ABSOLUTE
    ../clib/angel/rt.s                       0x00000000   Number         0  rt_errno_addr_intlibspace.o ABSOLUTE
    ../clib/angel/scatterp.s                 0x00000000   Number         0  __scatter.o ABSOLUTE
    ../clib/angel/startup.s                  0x00000000   Number         0  __main.o ABSOLUTE
    ../clib/angel/sys.s                      0x00000000   Number         0  sys_stackheap_outer.o ABSOLUTE
    ../clib/angel/sys.s                      0x00000000   Number         0  use_no_semi.o ABSOLUTE
    ../clib/angel/sys.s                      0x00000000   Number         0  libspace.o ABSOLUTE
    ../clib/angel/sys.s                      0x00000000   Number         0  tempstk.o ABSOLUTE
    ../clib/angel/sys.s                      0x00000000   Number         0  indicate_semi.o ABSOLUTE
    ../clib/angel/sysapp.c                   0x00000000   Number         0  sys_command.o ABSOLUTE
    ../clib/angel/sysapp.c                   0x00000000   Number         0  sys_exit.o ABSOLUTE
    ../clib/angel/sysapp.c                   0x00000000   Number         0  sys_wrch.o ABSOLUTE
    ../clib/armsys.c                         0x00000000   Number         0  no_argv.o ABSOLUTE
    ../clib/armsys.c                         0x00000000   Number         0  argv_veneer.o ABSOLUTE
    ../clib/armsys.c                         0x00000000   Number         0  _get_argv_nomalloc.o ABSOLUTE
    ../clib/bigflt.c                         0x00000000   Number         0  bigflt0.o ABSOLUTE
    ../clib/btod.c                           0x00000000   Number         0  btod.o ABSOLUTE
    ../clib/ctype.c                          0x00000000   Number         0  isspace.o ABSOLUTE
    ../clib/division.c                       0x00000000   Number         0  lludiv10.o ABSOLUTE
    ../clib/division.c                       0x00000000   Number         0  rtudiv10.o ABSOLUTE
    ../clib/division.s                       0x00000000   Number         0  aeabi_sdiv_div0.o ABSOLUTE
    ../clib/division.s                       0x00000000   Number         0  aeabi_sdiv.o ABSOLUTE
    ../clib/fenv.c                           0x00000000   Number         0  _rserrno.o ABSOLUTE
    ../clib/heapalloc.c                      0x00000000   Number         0  hrguard.o ABSOLUTE
    ../clib/heapaux.c                        0x00000000   Number         0  heapauxi.o ABSOLUTE
    ../clib/libinit.s                        0x00000000   Number         0  libinit.o ABSOLUTE
    ../clib/libinit.s                        0x00000000   Number         0  libshutdown2.o ABSOLUTE
    ../clib/libinit.s                        0x00000000   Number         0  libshutdown.o ABSOLUTE
    ../clib/libinit.s                        0x00000000   Number         0  libinit2.o ABSOLUTE
    ../clib/locale.s                         0x00000000   Number         0  lc_numeric_c.o ABSOLUTE
    ../clib/locale.s                         0x00000000   Number         0  lc_ctype_c.o ABSOLUTE
    ../clib/longlong.c                       0x00000000   Number         0  llmul.o ABSOLUTE
    ../clib/longlong.c                       0x00000000   Number         0  llshl.o ABSOLUTE
    ../clib/misc.s                           0x00000000   Number         0  printf_stubs.o ABSOLUTE
    ../clib/printf.c                         0x00000000   Number         0  __2sprintf.o ABSOLUTE
    ../clib/printf.c                         0x00000000   Number         0  __printf_nopercent.o ABSOLUTE
    ../clib/printf.c                         0x00000000   Number         0  __printf_flags_ss_wp.o ABSOLUTE
    ../clib/printf.c                         0x00000000   Number         0  __printf_ss_wp.o ABSOLUTE
    ../clib/printf.c                         0x00000000   Number         0  _sputc.o ABSOLUTE
    ../clib/printf.c                         0x00000000   Number         0  __printf_flags_wp.o ABSOLUTE
    ../clib/printf.c                         0x00000000   Number         0  __printf_wp.o ABSOLUTE
    ../clib/printf.c                         0x00000000   Number         0  __printf_flags_ss.o ABSOLUTE
    ../clib/printf.c                         0x00000000   Number         0  __printf_ss.o ABSOLUTE
    ../clib/printf.c                         0x00000000   Number         0  __printf_flags.o ABSOLUTE
    ../clib/printf.c                         0x00000000   Number         0  _printf_fp_dec.o ABSOLUTE
    ../clib/printf.c                         0x00000000   Number         0  _printf_char_common.o ABSOLUTE
    ../clib/printf.c                         0x00000000   Number         0  __printf.o ABSOLUTE
    ../clib/printf.c                         0x00000000   Number         0  noretval__2sprintf.o ABSOLUTE
    ../clib/printf.c                         0x00000000   Number         0  _printf_fp_infnan.o ABSOLUTE
    ../clib/printf_percent.s                 0x00000000   Number         0  _printf_percent.o ABSOLUTE
    ../clib/printf_percent.s                 0x00000000   Number         0  _printf_f.o ABSOLUTE
    ../clib/printf_percent.s                 0x00000000   Number         0  _printf_percent_end.o ABSOLUTE
    ../clib/scanf.c                          0x00000000   Number         0  scanf_hexfp.o ABSOLUTE
    ../clib/scanf.c                          0x00000000   Number         0  scanf_fp.o ABSOLUTE
    ../clib/scanf.c                          0x00000000   Number         0  strtod.o ABSOLUTE
    ../clib/scanf.c                          0x00000000   Number         0  strtof.o ABSOLUTE
    ../clib/scanf.c                          0x00000000   Number         0  _chval.o ABSOLUTE
    ../clib/scanf.c                          0x00000000   Number         0  _sgetc.o ABSOLUTE
    ../clib/scanf.c                          0x00000000   Number         0  scanf_infnan.o ABSOLUTE
    ../clib/signal.c                         0x00000000   Number         0  defsig_abrt_inner.o ABSOLUTE
    ../clib/signal.c                         0x00000000   Number         0  defsig_rtmem_inner.o ABSOLUTE
    ../clib/signal.c                         0x00000000   Number         0  defsig_fpe_formal.o ABSOLUTE
    ../clib/signal.c                         0x00000000   Number         0  defsig_fpe_outer.o ABSOLUTE
    ../clib/signal.c                         0x00000000   Number         0  defsig_exit.o ABSOLUTE
    ../clib/signal.c                         0x00000000   Number         0  defsig_rtred_inner.o ABSOLUTE
    ../clib/signal.c                         0x00000000   Number         0  defsig_general.o ABSOLUTE
    ../clib/signal.c                         0x00000000   Number         0  defsig_fpe_inner.o ABSOLUTE
    ../clib/signal.c                         0x00000000   Number         0  defsig_rtmem_outer.o ABSOLUTE
    ../clib/signal.c                         0x00000000   Number         0  defsig_rtmem_formal.o ABSOLUTE
    ../clib/signal.c                         0x00000000   Number         0  __raise.o ABSOLUTE
    ../clib/signal.c                         0x00000000   Number         0  defsig_other.o ABSOLUTE
    ../clib/signal.c                         0x00000000   Number         0  defsig_segv_inner.o ABSOLUTE
    ../clib/signal.c                         0x00000000   Number         0  defsig_cppl_inner.o ABSOLUTE
    ../clib/signal.c                         0x00000000   Number         0  defsig_pvfn_inner.o ABSOLUTE
    ../clib/signal.c                         0x00000000   Number         0  defsig_stak_inner.o ABSOLUTE
    ../clib/signal.s                         0x00000000   Number         0  defsig.o ABSOLUTE
    ../clib/stdlib.c                         0x00000000   Number         0  rand.o ABSOLUTE
    ../clib/stdlib.c                         0x00000000   Number         0  rand.o ABSOLUTE
    ../clib/stdlib.c                         0x00000000   Number         0  exit.o ABSOLUTE
    ../clib/string.c                         0x00000000   Number         0  strcmp.o ABSOLUTE
    ../fplib/cfplib/cmpret.c                 0x00000000   Number         0  cmpret.o ABSOLUTE
    ../fplib/cfplib/d2f.c                    0x00000000   Number         0  d2f.o ABSOLUTE
    ../fplib/cfplib/daddsub.c                0x00000000   Number         0  daddsub.o ABSOLUTE
    ../fplib/cfplib/dcmpin.c                 0x00000000   Number         0  dcmpin.o ABSOLUTE
    ../fplib/cfplib/ddiv.c                   0x00000000   Number         0  ddiv.o ABSOLUTE
    ../fplib/cfplib/dmul.c                   0x00000000   Number         0  dmul.o ABSOLUTE
    ../fplib/cfplib/f2d.c                    0x00000000   Number         0  f2d.o ABSOLUTE
    ../fplib/cfplib/fdiv.c                   0x00000000   Number         0  fdiv.o ABSOLUTE
    ../fplib/cfplib/ffix.c                   0x00000000   Number         0  ffixui.o ABSOLUTE
    ../fplib/cfplib/ffix.c                   0x00000000   Number         0  ffixi.o ABSOLUTE
    ../fplib/cfplib/fflt.c                   0x00000000   Number         0  fflti.o ABSOLUTE
    ../fplib/cfplib/fpinit.c                 0x00000000   Number         0  fpinit.o ABSOLUTE
    ../fplib/cfplib/ieee_status.c            0x00000000   Number         0  ieee_status.o ABSOLUTE
    ../fplib/cfplib/nan2.c                   0x00000000   Number         0  dnan2.o ABSOLUTE
    ../fplib/cfplib/retnan.c                 0x00000000   Number         0  retnan.o ABSOLUTE
    ../fplib/cfplib/scalbn.c                 0x00000000   Number         0  fscalbn.o ABSOLUTE
    ../fplib/cfplib/scalbn.c                 0x00000000   Number         0  dscalbn.o ABSOLUTE
    ../fplib/deqf6m.s                        0x00000000   Number         0  deqf.o ABSOLUTE
    ../fplib/drleqf6m.s                      0x00000000   Number         0  drlef.o ABSOLUTE
    ../fplib/faddsub6m.s                     0x00000000   Number         0  faddsub.o ABSOLUTE
    ../fplib/fmul6m.s                        0x00000000   Number         0  fmul.o ABSOLUTE
    ../fplib/fpconst.s                       0x00000000   Number         0  fpconst.o ABSOLUTE
    ../fplib/printf1.s                       0x00000000   Number         0  printf1.o ABSOLUTE
    ../fplib/scanf1.s                        0x00000000   Number         0  scanf1.o ABSOLUTE
    ../fplib/scanf2.s                        0x00000000   Number         0  scanf2.o ABSOLUTE
    ../fplib/scanf2a.s                       0x00000000   Number         0  scanf2a.o ABSOLUTE
    ../fplib/scanf2b.s                       0x00000000   Number         0  scanf2b.o ABSOLUTE
    ../fplib/usenofp.s                       0x00000000   Number         0  usenofp.o ABSOLUTE
    ../mathlib/dunder.c                      0x00000000   Number         0  dunder.o ABSOLUTE
    ../mathlib/fpclassify.c                  0x00000000   Number         0  fpclassify.o ABSOLUTE
    ../mathlib/frexp.c                       0x00000000   Number         0  frexp.o ABSOLUTE
    ../mathlib/ldexp.c                       0x00000000   Number         0  ldexp_x.o ABSOLUTE
    ../mathlib/ldexp.c                       0x00000000   Number         0  ldexp.o ABSOLUTE
    ../mathlib/narrow.c                      0x00000000   Number         0  narrow.o ABSOLUTE
    ../mathlib/qnan.c                        0x00000000   Number         0  qnan.o ABSOLUTE
    ../mathlib/strtof.c                      0x00000000   Number         0  strtof.o ABSOLUTE
    ..\\cmsis\\Device\\meteo\\Source\\system_meteo.c 0x00000000   Number         0  system_meteo.o ABSOLUTE
    ..\\hardware\\AT24Cxx\\24cxx.c           0x00000000   Number         0  24cxx.o ABSOLUTE
    ..\\hardware\\IIC\\myiic.c               0x00000000   Number         0  myiic.o ABSOLUTE
    ..\\hardware\\KEYBOARD\\keyboard.c       0x00000000   Number         0  keyboard.o ABSOLUTE
    ..\\hardware\\LCD\\lcd.c                 0x00000000   Number         0  lcd.o ABSOLUTE
    ..\\hardware\\MSI001\\msi001.c           0x00000000   Number         0  msi001.o ABSOLUTE
    ..\\hardware\\Nixie_tube\\Nixie_tube.c   0x00000000   Number         0  nixie_tube.o ABSOLUTE
    ..\\hardware\\OLED\\oled.c               0x00000000   Number         0  oled.o ABSOLUTE
    ..\\hardware\\QN8027\\qn8027.c           0x00000000   Number         0  qn8027.o ABSOLUTE
    ..\\hello\\Source\\LED.c                 0x00000000   Number         0  led.o ABSOLUTE
    ..\\hello\\Source\\main.c                0x00000000   Number         0  main.o ABSOLUTE
    ..\\sys\\delay\\delay.c                  0x00000000   Number         0  delay.o ABSOLUTE
    ..\\sys\\system_gpio\\system_gpio.c      0x00000000   Number         0  system_gpio.o ABSOLUTE
    ..\\sys\\system_usart\\system_usart.c    0x00000000   Number         0  system_usart.o ABSOLUTE
    ..\cmsis\Device\meteo\Include\startup_meteo.s 0x00000000   Number         0  startup_meteo.o ABSOLUTE
    ..\cmsis\Device\meteo\Source\system_meteo.c 0x00000000   Number         0  system_meteo.o ABSOLUTE
    ..\hardware\AT24Cxx\24cxx.c              0x00000000   Number         0  24cxx.o ABSOLUTE
    ..\hardware\IIC\myiic.c                  0x00000000   Number         0  myiic.o ABSOLUTE
    ..\hardware\KEYBOARD\keyboard.c          0x00000000   Number         0  keyboard.o ABSOLUTE
    ..\hardware\LCD\lcd.c                    0x00000000   Number         0  lcd.o ABSOLUTE
    ..\hardware\MSI001\msi001.c              0x00000000   Number         0  msi001.o ABSOLUTE
    ..\hardware\Nixie_tube\Nixie_tube.c      0x00000000   Number         0  nixie_tube.o ABSOLUTE
    ..\hardware\OLED\oled.c                  0x00000000   Number         0  oled.o ABSOLUTE
    ..\hardware\QN8027\qn8027.c              0x00000000   Number         0  qn8027.o ABSOLUTE
    ..\hello\Source\LED.c                    0x00000000   Number         0  led.o ABSOLUTE
    ..\hello\Source\main.c                   0x00000000   Number         0  main.o ABSOLUTE
    ..\sys\delay\delay.c                     0x00000000   Number         0  delay.o ABSOLUTE
    ..\sys\system_gpio\system_gpio.c         0x00000000   Number         0  system_gpio.o ABSOLUTE
    ..\sys\system_usart\system_usart.c       0x00000000   Number         0  system_usart.o ABSOLUTE
    dc.s                                     0x00000000   Number         0  dc.o ABSOLUTE
    !!!main                                  0x000000a8   Section        8  __main.o(!!!main)
    !!!scatter                               0x000000b0   Section       60  __scatter.o(!!!scatter)
    !!handler_copy                           0x000000ec   Section       26  __scatter_copy.o(!!handler_copy)
    !!handler_zi                             0x00000108   Section       28  __scatter_zi.o(!!handler_zi)
    .ARM.Collect$$_printf_percent$$00000000  0x00000124   Section        2  _printf_percent.o(.ARM.Collect$$_printf_percent$$00000000)
    .ARM.Collect$$_printf_percent$$00000003  0x00000126   Section       10  _printf_f.o(.ARM.Collect$$_printf_percent$$00000003)
    .ARM.Collect$$_printf_percent$$00000017  0x00000130   Section        4  _printf_percent_end.o(.ARM.Collect$$_printf_percent$$00000017)
    .ARM.Collect$$libinit$$00000000          0x00000134   Section        2  libinit.o(.ARM.Collect$$libinit$$00000000)
    .ARM.Collect$$libinit$$00000002          0x00000136   Section        0  libinit2.o(.ARM.Collect$$libinit$$00000002)
    .ARM.Collect$$libinit$$00000004          0x00000136   Section        0  libinit2.o(.ARM.Collect$$libinit$$00000004)
    .ARM.Collect$$libinit$$0000000A          0x00000136   Section        0  libinit2.o(.ARM.Collect$$libinit$$0000000A)
    .ARM.Collect$$libinit$$0000000C          0x00000136   Section        0  libinit2.o(.ARM.Collect$$libinit$$0000000C)
    .ARM.Collect$$libinit$$0000000D          0x00000136   Section        4  libinit2.o(.ARM.Collect$$libinit$$0000000D)
    .ARM.Collect$$libinit$$0000000E          0x0000013a   Section        0  libinit2.o(.ARM.Collect$$libinit$$0000000E)
    .ARM.Collect$$libinit$$0000000F          0x0000013a   Section        6  libinit2.o(.ARM.Collect$$libinit$$0000000F)
    .ARM.Collect$$libinit$$00000011          0x00000140   Section        0  libinit2.o(.ARM.Collect$$libinit$$00000011)
    .ARM.Collect$$libinit$$00000013          0x00000140   Section        0  libinit2.o(.ARM.Collect$$libinit$$00000013)
    .ARM.Collect$$libinit$$00000015          0x00000140   Section        0  libinit2.o(.ARM.Collect$$libinit$$00000015)
    .ARM.Collect$$libinit$$00000016          0x00000140   Section       10  libinit2.o(.ARM.Collect$$libinit$$00000016)
    .ARM.Collect$$libinit$$00000017          0x0000014a   Section        0  libinit2.o(.ARM.Collect$$libinit$$00000017)
    .ARM.Collect$$libinit$$00000019          0x0000014a   Section        0  libinit2.o(.ARM.Collect$$libinit$$00000019)
    .ARM.Collect$$libinit$$0000001B          0x0000014a   Section        0  libinit2.o(.ARM.Collect$$libinit$$0000001B)
    .ARM.Collect$$libinit$$0000001D          0x0000014a   Section        0  libinit2.o(.ARM.Collect$$libinit$$0000001D)
    .ARM.Collect$$libinit$$0000001F          0x0000014a   Section        0  libinit2.o(.ARM.Collect$$libinit$$0000001F)
    .ARM.Collect$$libinit$$00000021          0x0000014a   Section        0  libinit2.o(.ARM.Collect$$libinit$$00000021)
    .ARM.Collect$$libinit$$00000023          0x0000014a   Section        0  libinit2.o(.ARM.Collect$$libinit$$00000023)
    .ARM.Collect$$libinit$$00000025          0x0000014a   Section        0  libinit2.o(.ARM.Collect$$libinit$$00000025)
    .ARM.Collect$$libinit$$0000002C          0x0000014a   Section        0  libinit2.o(.ARM.Collect$$libinit$$0000002C)
    .ARM.Collect$$libinit$$0000002E          0x0000014a   Section        0  libinit2.o(.ARM.Collect$$libinit$$0000002E)
    .ARM.Collect$$libinit$$00000030          0x0000014a   Section        0  libinit2.o(.ARM.Collect$$libinit$$00000030)
    .ARM.Collect$$libinit$$00000032          0x0000014a   Section        0  libinit2.o(.ARM.Collect$$libinit$$00000032)
    .ARM.Collect$$libinit$$00000033          0x0000014a   Section        2  libinit2.o(.ARM.Collect$$libinit$$00000033)
    .ARM.Collect$$libshutdown$$00000000      0x0000014c   Section        2  libshutdown.o(.ARM.Collect$$libshutdown$$00000000)
    .ARM.Collect$$libshutdown$$00000002      0x0000014e   Section        0  libshutdown2.o(.ARM.Collect$$libshutdown$$00000002)
    .ARM.Collect$$libshutdown$$00000004      0x0000014e   Section        0  libshutdown2.o(.ARM.Collect$$libshutdown$$00000004)
    .ARM.Collect$$libshutdown$$00000006      0x0000014e   Section        0  libshutdown2.o(.ARM.Collect$$libshutdown$$00000006)
    .ARM.Collect$$libshutdown$$00000009      0x0000014e   Section        0  libshutdown2.o(.ARM.Collect$$libshutdown$$00000009)
    .ARM.Collect$$libshutdown$$0000000C      0x0000014e   Section        0  libshutdown2.o(.ARM.Collect$$libshutdown$$0000000C)
    .ARM.Collect$$libshutdown$$0000000E      0x0000014e   Section        0  libshutdown2.o(.ARM.Collect$$libshutdown$$0000000E)
    .ARM.Collect$$libshutdown$$00000011      0x0000014e   Section        0  libshutdown2.o(.ARM.Collect$$libshutdown$$00000011)
    .ARM.Collect$$libshutdown$$00000012      0x0000014e   Section        2  libshutdown2.o(.ARM.Collect$$libshutdown$$00000012)
    .ARM.Collect$$rtentry$$00000000          0x00000150   Section        0  __rtentry.o(.ARM.Collect$$rtentry$$00000000)
    .ARM.Collect$$rtentry$$00000002          0x00000150   Section        0  __rtentry2.o(.ARM.Collect$$rtentry$$00000002)
    .ARM.Collect$$rtentry$$00000004          0x00000150   Section        6  __rtentry4.o(.ARM.Collect$$rtentry$$00000004)
    .ARM.Collect$$rtentry$$00000009          0x00000156   Section        0  __rtentry2.o(.ARM.Collect$$rtentry$$00000009)
    .ARM.Collect$$rtentry$$0000000A          0x00000156   Section        4  __rtentry2.o(.ARM.Collect$$rtentry$$0000000A)
    .ARM.Collect$$rtentry$$0000000C          0x0000015a   Section        0  __rtentry2.o(.ARM.Collect$$rtentry$$0000000C)
    .ARM.Collect$$rtentry$$0000000D          0x0000015a   Section        8  __rtentry2.o(.ARM.Collect$$rtentry$$0000000D)
    .ARM.Collect$$rtexit$$00000000           0x00000162   Section        2  rtexit.o(.ARM.Collect$$rtexit$$00000000)
    .ARM.Collect$$rtexit$$00000002           0x00000164   Section        0  rtexit2.o(.ARM.Collect$$rtexit$$00000002)
    .ARM.Collect$$rtexit$$00000003           0x00000164   Section        4  rtexit2.o(.ARM.Collect$$rtexit$$00000003)
    .ARM.Collect$$rtexit$$00000004           0x00000168   Section        6  rtexit2.o(.ARM.Collect$$rtexit$$00000004)
    .emb_text                                0x00000170   Section       56  rand.o(.emb_text)
    .text                                    0x000001a8   Section       60  startup_meteo.o(.text)
    .text                                    0x000001e4   Section        0  noretval__2sprintf.o(.text)
    .text                                    0x0000020c   Section        0  __printf_wp.o(.text)
    .text                                    0x0000031c   Section        0  rand.o(.text)
    .text                                    0x00000358   Section      346  aeabi_sdiv.o(.text)
    .text                                    0x000004b2   Section        0  heapauxi.o(.text)
    .text                                    0x000004b8   Section        0  f2d.o(.text)
    .text                                    0x0000050c   Section        0  fdiv.o(.text)
    .text                                    0x0000066c   Section        0  ffixi.o(.text)
    .text                                    0x000006b8   Section        0  ffixui.o(.text)
    .text                                    0x000006e8   Section        0  fflti.o(.text)
    .text                                    0x00000748   Section        0  fscalbn.o(.text)
    .text                                    0x0000078c   Section        0  _printf_fp_dec.o(.text)
    _fp_digits                               0x0000078f   Thumb Code   412  _printf_fp_dec.o(.text)
    .text                                    0x00000ba4   Section        0  _printf_char_common.o(.text)
    _printf_input_char                       0x00000ba5   Thumb Code    10  _printf_char_common.o(.text)
    .text                                    0x00000bd4   Section        0  _sputc.o(.text)
    .text                                    0x00000be0   Section        8  rt_locale_intlibspace.o(.text)
    .text                                    0x00000be8   Section        0  lludiv10.o(.text)
    .text                                    0x00000c64   Section        0  _printf_fp_infnan.o(.text)
    .text                                    0x00000cec   Section        0  bigflt0.o(.text)
    .text                                    0x00000dc4   Section        0  btod.o(.text)
    btod_internal_mul                        0x00000e05   Thumb Code   492  btod.o(.text)
    btod_internal_div                        0x00000ff1   Thumb Code   520  btod.o(.text)
    .text                                    0x00001344   Section        0  rtudiv10.o(.text)
    .text                                    0x0000136c   Section        8  libspace.o(.text)
    .text                                    0x00001374   Section       62  sys_stackheap_outer.o(.text)
    .text                                    0x000013b2   Section        0  exit.o(.text)
    .text                                    0x000013c4   Section        0  strcmp.o(.text)
    .text                                    0x0000144c   Section        0  sys_exit.o(.text)
    .text                                    0x00001458   Section        2  use_no_semi.o(.text)
    .text                                    0x0000145a   Section        0  indicate_semi.o(.text)
    i.APP_Display                            0x0000145c   Section        0  main.o(i.APP_Display)
    i.CMSDK_SendString                       0x00001494   Section        0  system_usart.o(i.CMSDK_SendString)
    i.CMSDK_gpio_SetOutEnable                0x000014b4   Section        0  system_gpio.o(i.CMSDK_gpio_SetOutEnable)
    i.CMSDK_uart_ClearRxIRQ                  0x000014c8   Section        0  system_usart.o(i.CMSDK_uart_ClearRxIRQ)
    i.CMSDK_uart_SendChar                    0x000014ce   Section        0  system_usart.o(i.CMSDK_uart_SendChar)
    i.CMSDK_uart_init                        0x000014d8   Section        0  system_usart.o(i.CMSDK_uart_init)
    i.Damping_Control                        0x00001528   Section        0  msi001.o(i.Damping_Control)
    i.Display_FM                             0x00001538   Section        0  nixie_tube.o(i.Display_FM)
    i.Draw_Circle                            0x000015cc   Section        0  lcd.o(i.Draw_Circle)
    i.FM_Select                              0x00001678   Section        0  msi001.o(i.FM_Select)
    i.GPIO_ResetBits                         0x000016c8   Section        0  system_gpio.o(i.GPIO_ResetBits)
    i.GPIO_SetBits                           0x000016d0   Section        0  system_gpio.o(i.GPIO_SetBits)
    i.GetKEYNUM                              0x000016d8   Section        0  keyboard.o(i.GetKEYNUM)
    i.Get_Key_Value                          0x000016ec   Section        0  keyboard.o(i.Get_Key_Value)
    i.KeyValue_Tranformation                 0x0000170a   Section        0  keyboard.o(i.KeyValue_Tranformation)
    i.LCD_Address_Set                        0x0000178a   Section        0  lcd.o(i.LCD_Address_Set)
    i.LCD_Clear                              0x000017d8   Section        0  lcd.o(i.LCD_Clear)
    i.LCD_DrawLine                           0x0000181c   Section        0  lcd.o(i.LCD_DrawLine)
    i.LCD_DrawPoint                          0x000018c2   Section        0  lcd.o(i.LCD_DrawPoint)
    i.LCD_DrawRectangle                      0x000018d6   Section        0  lcd.o(i.LCD_DrawRectangle)
    i.LCD_Fill                               0x0000191e   Section        0  lcd.o(i.LCD_Fill)
    i.LCD_Init                               0x00001954   Section        0  lcd.o(i.LCD_Init)
    i.LCD_RD_DATA                            0x00001bd0   Section        0  lcd.o(i.LCD_RD_DATA)
    i.LCD_ShowChar                           0x00001bec   Section        0  lcd.o(i.LCD_ShowChar)
    i.LCD_ShowFloatNum1                      0x00001d0c   Section        0  lcd.o(i.LCD_ShowFloatNum1)
    i.LCD_ShowIntNum                         0x00001da4   Section        0  lcd.o(i.LCD_ShowIntNum)
    i.LCD_ShowString                         0x00001e2c   Section        0  lcd.o(i.LCD_ShowString)
    i.LCD_WR_DATA                            0x00001e60   Section        0  lcd.o(i.LCD_WR_DATA)
    i.LCD_WR_REG                             0x00001e78   Section        0  lcd.o(i.LCD_WR_REG)
    i.LCD_WR_data                            0x00001e90   Section        0  lcd.o(i.LCD_WR_data)
    i.MSI001_Init                            0x00001ea8   Section        0  msi001.o(i.MSI001_Init)
    i.MSI001_Write                           0x00001f0c   Section        0  msi001.o(i.MSI001_Write)
    i.OLED_Clear                             0x00001fb4   Section        0  oled.o(i.OLED_Clear)
    i.OLED_IIC_Start                         0x00001ff0   Section        0  oled.o(i.OLED_IIC_Start)
    i.OLED_IIC_Stop                          0x0000201c   Section        0  oled.o(i.OLED_IIC_Stop)
    i.OLED_IIC_Wait_Ack                      0x00002040   Section        0  oled.o(i.OLED_IIC_Wait_Ack)
    i.OLED_Init                              0x0000205c   Section        0  oled.o(i.OLED_Init)
    i.OLED_SHOW_FM                           0x0000216c   Section        0  oled.o(i.OLED_SHOW_FM)
    i.OLED_SHOW_QN                           0x000021bc   Section        0  oled.o(i.OLED_SHOW_QN)
    i.OLED_Set_Pos                           0x0000220c   Section        0  oled.o(i.OLED_Set_Pos)
    i.OLED_ShowChar                          0x00002230   Section        0  oled.o(i.OLED_ShowChar)
    i.OLED_ShowNum                           0x000022bc   Section        0  oled.o(i.OLED_ShowNum)
    i.OLED_ShowString                        0x0000232e   Section        0  oled.o(i.OLED_ShowString)
    i.OLED_WR_Byte                           0x00002362   Section        0  oled.o(i.OLED_WR_Byte)
    i.OLED_Write_IIC_Byte                    0x00002378   Section        0  oled.o(i.OLED_Write_IIC_Byte)
    i.OLED_Write_IIC_Command                 0x000023c4   Section        0  oled.o(i.OLED_Write_IIC_Command)
    i.OLED_Write_IIC_Data                    0x000023f0   Section        0  oled.o(i.OLED_Write_IIC_Data)
    i.SEG_Clear_all                          0x0000241c   Section        0  nixie_tube.o(i.SEG_Clear_all)
    i.START_AND_STOP                         0x00002430   Section        0  keyboard.o(i.START_AND_STOP)
    i.STOP                                   0x00002474   Section        0  nixie_tube.o(i.STOP)
    i.Search                                 0x0000249c   Section        0  main.o(i.Search)
    i.Set_Dir                                0x000024f4   Section        0  lcd.o(i.Set_Dir)
    i.Show_Maps                              0x00002514   Section        0  main.o(i.Show_Maps)
    i.Standby                                0x00002828   Section        0  nixie_tube.o(i.Standby)
    i.StoreFM_Display                        0x0000284c   Section        0  main.o(i.StoreFM_Display)
    i.SysTick_Handler                        0x00002a88   Section        0  delay.o(i.SysTick_Handler)
    i.SystemInit                             0x00002a98   Section        0  system_meteo.o(i.SystemInit)
    i.TAKE                                   0x00002aa8   Section        0  main.o(i.TAKE)
    i.Type_NUM                               0x00002af8   Section        0  keyboard.o(i.Type_NUM)
    i.UARTRX0_Handler                        0x00002bfc   Section        0  main.o(i.UARTRX0_Handler)
    i.UARTRX1_Handler                        0x00002d88   Section        0  main.o(i.UARTRX1_Handler)
    i.VOLUME                                 0x00003654   Section        0  main.o(i.VOLUME)
    i.VOLUME_Display                         0x000036c8   Section        0  main.o(i.VOLUME_Display)
    i.__ARM_common_ll_muluu                  0x000036f8   Section        0  btod.o(i.__ARM_common_ll_muluu)
    i.__ARM_fpclassify                       0x00003728   Section        0  fpclassify.o(i.__ARM_fpclassify)
    i._is_digit                              0x00003754   Section        0  __printf_wp.o(i._is_digit)
    i.delay_ms                               0x00003764   Section        0  delay.o(i.delay_ms)
    i.delay_us                               0x00003780   Section        0  delay.o(i.delay_us)
    i.main                                   0x000037a4   Section        0  main.o(i.main)
    i.mypow                                  0x00003a54   Section        0  lcd.o(i.mypow)
    i.nixie_display_dos                      0x00003a68   Section        0  nixie_tube.o(i.nixie_display_dos)
    i.nixie_display_num                      0x00003aa4   Section        0  nixie_tube.o(i.nixie_display_num)
    i.oled_pow                               0x00003b0c   Section        0  oled.o(i.oled_pow)
    locale$$code                             0x00003b20   Section       44  lc_numeric_c.o(locale$$code)
    x$fpl$fadd                               0x00003b4c   Section      140  faddsub.o(x$fpl$fadd)
    _fadd1                                   0x00003b59   Thumb Code     0  faddsub.o(x$fpl$fadd)
    x$fpl$fmul                               0x00003bd8   Section      176  fmul.o(x$fpl$fmul)
    x$fpl$frsb                               0x00003c88   Section       24  faddsub.o(x$fpl$frsb)
    x$fpl$fsub                               0x00003ca0   Section      208  faddsub.o(x$fpl$fsub)
    _fsub1                                   0x00003cad   Thumb Code     0  faddsub.o(x$fpl$fsub)
    x$fpl$printf1                            0x00003d70   Section       16  printf1.o(x$fpl$printf1)
    .constdata                               0x00003d80   Section     2072  oled.o(.constdata)
    x$fpl$usenofp                            0x00003d80   Section        0  usenofp.o(x$fpl$usenofp)
    .constdata                               0x00004598   Section    13300  lcd.o(.constdata)
    .constdata                               0x0000798c   Section       64  fdiv.o(.constdata)
    fdiv_tab                                 0x0000798c   Data          64  fdiv.o(.constdata)
    .constdata                               0x000079cc   Section      148  bigflt0.o(.constdata)
    tenpwrs_x                                0x000079cc   Data          60  bigflt0.o(.constdata)
    tenpwrs_i                                0x00007a08   Data          64  bigflt0.o(.constdata)
    locale$$data                             0x00007a80   Section       28  lc_numeric_c.o(locale$$data)
    __lcnum_c_name                           0x00007a84   Data           2  lc_numeric_c.o(locale$$data)
    __lcnum_c_start                          0x00007a8c   Data           0  lc_numeric_c.o(locale$$data)
    __lcnum_c_point                          0x00007a98   Data           0  lc_numeric_c.o(locale$$data)
    __lcnum_c_thousands                      0x00007a9a   Data           0  lc_numeric_c.o(locale$$data)
    __lcnum_c_grouping                       0x00007a9b   Data           0  lc_numeric_c.o(locale$$data)
    __lcnum_c_end                            0x00007a9c   Data           0  lc_numeric_c.o(locale$$data)
    .data                                    0x20000000   Section       29  main.o(.data)
    .data                                    0x20000020   Section        4  system_meteo.o(.data)
    .data                                    0x20000024   Section        4  nixie_tube.o(.data)
    .data                                    0x20000028   Section        4  keyboard.o(.data)
    .data                                    0x2000002c   Section        6  lcd.o(.data)
    .data                                    0x20000034   Section        4  delay.o(.data)
    .bss                                     0x20000038   Section      800  main.o(.bss)
    .bss                                     0x20000358   Section      228  rand.o(.bss)
    .bss                                     0x2000043c   Section       96  libspace.o(.bss)
    HEAP                                     0x200004a0   Section      256  startup_meteo.o(HEAP)
    Heap_Mem                                 0x200004a0   Data         256  startup_meteo.o(HEAP)
    STACK                                    0x200005a0   Section      512  startup_meteo.o(STACK)
    Stack_Mem                                0x200005a0   Data         512  startup_meteo.o(STACK)
    __initial_sp                             0x200007a0   Data           0  startup_meteo.o(STACK)

    Global Symbols

    Symbol Name                              Value     Ov Type        Size  Object(Section)

    BuildAttributes$$THM_ISAv3M$S$PE$A:L22$X:L11$S22$IEEE1$IW$USESV6$~STKCKD$USESV7$~SHL$OTIME$ROPI$IEEEX$EBA8$UX$STANDARDLIB$REQ8$PRES8$EABIv2 0x00000000   Number         0  anon$$obj.o ABSOLUTE
    __ARM_use_no_argv                        0x00000000   Number         0  main.o ABSOLUTE
    __Vectors                                0x00000000   Data           4  startup_meteo.o(RESET)
    _printf_flags                            0x00000000   Number         0  printf_stubs.o ABSOLUTE
    _printf_return_value                     0x00000000   Number         0  printf_stubs.o ABSOLUTE
    _printf_sizespec                         0x00000000   Number         0  printf_stubs.o ABSOLUTE
    _printf_widthprec                        0x00000000   Number         0  printf_stubs.o ABSOLUTE
    __ARM_exceptions_init                     - Undefined Weak Reference
    __alloca_initialize                       - Undefined Weak Reference
    __arm_fini_                               - Undefined Weak Reference
    __arm_preinit_                            - Undefined Weak Reference
    __cpp_initialize__aeabi_                  - Undefined Weak Reference
    __cxa_finalize                            - Undefined Weak Reference
    __sigvec_lookup                           - Undefined Weak Reference
    _atexit_init                              - Undefined Weak Reference
    _call_atexit_fns                          - Undefined Weak Reference
    _clock_init                               - Undefined Weak Reference
    _fp_trap_init                             - Undefined Weak Reference
    _fp_trap_shutdown                         - Undefined Weak Reference
    _get_lc_collate                           - Undefined Weak Reference
    _get_lc_monetary                          - Undefined Weak Reference
    _get_lc_time                              - Undefined Weak Reference
    _getenv_init                              - Undefined Weak Reference
    _handle_redirection                       - Undefined Weak Reference
    _init_alloc                               - Undefined Weak Reference
    _init_user_alloc                          - Undefined Weak Reference
    _initio                                   - Undefined Weak Reference
    _printf_post_padding                      - Undefined Weak Reference
    _printf_pre_padding                       - Undefined Weak Reference
    _signal_finish                            - Undefined Weak Reference
    _signal_init                              - Undefined Weak Reference
    _terminate_alloc                          - Undefined Weak Reference
    _terminate_user_alloc                     - Undefined Weak Reference
    _terminateio                              - Undefined Weak Reference
    __Vectors_End                            0x000000a8   Data           0  startup_meteo.o(RESET)
    __Vectors_Size                           0x000000a8   Number         0  startup_meteo.o ABSOLUTE
    __main                                   0x000000a9   Thumb Code     8  __main.o(!!!main)
    __scatterload                            0x000000b1   Thumb Code     0  __scatter.o(!!!scatter)
    __scatterload_rt2                        0x000000b1   Thumb Code    52  __scatter.o(!!!scatter)
    __scatterload_rt2_thumb_only             0x000000b1   Thumb Code     0  __scatter.o(!!!scatter)
    __scatterload_null                       0x000000c1   Thumb Code     0  __scatter.o(!!!scatter)
    __scatterload_copy                       0x000000ed   Thumb Code    26  __scatter_copy.o(!!handler_copy)
    __scatterload_zeroinit                   0x00000109   Thumb Code    28  __scatter_zi.o(!!handler_zi)
    _printf_percent                          0x00000125   Thumb Code     0  _printf_percent.o(.ARM.Collect$$_printf_percent$$00000000)
    _printf_f                                0x00000127   Thumb Code     0  _printf_f.o(.ARM.Collect$$_printf_percent$$00000003)
    _printf_percent_end                      0x00000131   Thumb Code     0  _printf_percent_end.o(.ARM.Collect$$_printf_percent$$00000017)
    __rt_lib_init                            0x00000135   Thumb Code     0  libinit.o(.ARM.Collect$$libinit$$00000000)
    __rt_lib_init_fp_1                       0x00000137   Thumb Code     0  libinit2.o(.ARM.Collect$$libinit$$00000002)
    __rt_lib_init_heap_1                     0x00000137   Thumb Code     0  libinit2.o(.ARM.Collect$$libinit$$0000000A)
    __rt_lib_init_preinit_1                  0x00000137   Thumb Code     0  libinit2.o(.ARM.Collect$$libinit$$00000004)
    __rt_lib_init_rand_2                     0x00000137   Thumb Code     0  libinit2.o(.ARM.Collect$$libinit$$0000000D)
    __rt_lib_init_user_alloc_1               0x00000137   Thumb Code     0  libinit2.o(.ARM.Collect$$libinit$$0000000C)
    __rt_lib_init_lc_common                  0x0000013b   Thumb Code     0  libinit2.o(.ARM.Collect$$libinit$$0000000F)
    __rt_lib_init_rand_1                     0x0000013b   Thumb Code     0  libinit2.o(.ARM.Collect$$libinit$$0000000E)
    __rt_lib_init_lc_collate_1               0x00000141   Thumb Code     0  libinit2.o(.ARM.Collect$$libinit$$00000011)
    __rt_lib_init_lc_ctype_1                 0x00000141   Thumb Code     0  libinit2.o(.ARM.Collect$$libinit$$00000013)
    __rt_lib_init_lc_monetary_1              0x00000141   Thumb Code     0  libinit2.o(.ARM.Collect$$libinit$$00000015)
    __rt_lib_init_lc_numeric_2               0x00000141   Thumb Code     0  libinit2.o(.ARM.Collect$$libinit$$00000016)
    __rt_lib_init_alloca_1                   0x0000014b   Thumb Code     0  libinit2.o(.ARM.Collect$$libinit$$0000002E)
    __rt_lib_init_argv_1                     0x0000014b   Thumb Code     0  libinit2.o(.ARM.Collect$$libinit$$0000002C)
    __rt_lib_init_atexit_1                   0x0000014b   Thumb Code     0  libinit2.o(.ARM.Collect$$libinit$$0000001B)
    __rt_lib_init_clock_1                    0x0000014b   Thumb Code     0  libinit2.o(.ARM.Collect$$libinit$$00000021)
    __rt_lib_init_cpp_1                      0x0000014b   Thumb Code     0  libinit2.o(.ARM.Collect$$libinit$$00000032)
    __rt_lib_init_exceptions_1               0x0000014b   Thumb Code     0  libinit2.o(.ARM.Collect$$libinit$$00000030)
    __rt_lib_init_fp_trap_1                  0x0000014b   Thumb Code     0  libinit2.o(.ARM.Collect$$libinit$$0000001F)
    __rt_lib_init_getenv_1                   0x0000014b   Thumb Code     0  libinit2.o(.ARM.Collect$$libinit$$00000023)
    __rt_lib_init_lc_numeric_1               0x0000014b   Thumb Code     0  libinit2.o(.ARM.Collect$$libinit$$00000017)
    __rt_lib_init_lc_time_1                  0x0000014b   Thumb Code     0  libinit2.o(.ARM.Collect$$libinit$$00000019)
    __rt_lib_init_return                     0x0000014b   Thumb Code     0  libinit2.o(.ARM.Collect$$libinit$$00000033)
    __rt_lib_init_signal_1                   0x0000014b   Thumb Code     0  libinit2.o(.ARM.Collect$$libinit$$0000001D)
    __rt_lib_init_stdio_1                    0x0000014b   Thumb Code     0  libinit2.o(.ARM.Collect$$libinit$$00000025)
    __rt_lib_shutdown                        0x0000014d   Thumb Code     0  libshutdown.o(.ARM.Collect$$libshutdown$$00000000)
    __rt_lib_shutdown_cpp_1                  0x0000014f   Thumb Code     0  libshutdown2.o(.ARM.Collect$$libshutdown$$00000004)
    __rt_lib_shutdown_fini_1                 0x0000014f   Thumb Code     0  libshutdown2.o(.ARM.Collect$$libshutdown$$00000002)
    __rt_lib_shutdown_fp_trap_1              0x0000014f   Thumb Code     0  libshutdown2.o(.ARM.Collect$$libshutdown$$00000009)
    __rt_lib_shutdown_heap_1                 0x0000014f   Thumb Code     0  libshutdown2.o(.ARM.Collect$$libshutdown$$00000011)
    __rt_lib_shutdown_return                 0x0000014f   Thumb Code     0  libshutdown2.o(.ARM.Collect$$libshutdown$$00000012)
    __rt_lib_shutdown_signal_1               0x0000014f   Thumb Code     0  libshutdown2.o(.ARM.Collect$$libshutdown$$0000000C)
    __rt_lib_shutdown_stdio_1                0x0000014f   Thumb Code     0  libshutdown2.o(.ARM.Collect$$libshutdown$$00000006)
    __rt_lib_shutdown_user_alloc_1           0x0000014f   Thumb Code     0  libshutdown2.o(.ARM.Collect$$libshutdown$$0000000E)
    __rt_entry                               0x00000151   Thumb Code     0  __rtentry.o(.ARM.Collect$$rtentry$$00000000)
    __rt_entry_presh_1                       0x00000151   Thumb Code     0  __rtentry2.o(.ARM.Collect$$rtentry$$00000002)
    __rt_entry_sh                            0x00000151   Thumb Code     0  __rtentry4.o(.ARM.Collect$$rtentry$$00000004)
    __rt_entry_li                            0x00000157   Thumb Code     0  __rtentry2.o(.ARM.Collect$$rtentry$$0000000A)
    __rt_entry_postsh_1                      0x00000157   Thumb Code     0  __rtentry2.o(.ARM.Collect$$rtentry$$00000009)
    __rt_entry_main                          0x0000015b   Thumb Code     0  __rtentry2.o(.ARM.Collect$$rtentry$$0000000D)
    __rt_entry_postli_1                      0x0000015b   Thumb Code     0  __rtentry2.o(.ARM.Collect$$rtentry$$0000000C)
    __rt_exit                                0x00000163   Thumb Code     0  rtexit.o(.ARM.Collect$$rtexit$$00000000)
    __rt_exit_ls                             0x00000165   Thumb Code     0  rtexit2.o(.ARM.Collect$$rtexit$$00000003)
    __rt_exit_prels_1                        0x00000165   Thumb Code     0  rtexit2.o(.ARM.Collect$$rtexit$$00000002)
    __rt_exit_exit                           0x00000169   Thumb Code     0  rtexit2.o(.ARM.Collect$$rtexit$$00000004)
    rand                                     0x00000171   Thumb Code    52  rand.o(.emb_text)
    Reset_Handler                            0x000001a9   Thumb Code    12  startup_meteo.o(.text)
    NMI_Handler                              0x000001b5   Thumb Code     2  startup_meteo.o(.text)
    HardFault_Handler                        0x000001b7   Thumb Code     2  startup_meteo.o(.text)
    SVC_Handler                              0x000001b9   Thumb Code     2  startup_meteo.o(.text)
    PendSV_Handler                           0x000001bb   Thumb Code     2  startup_meteo.o(.text)
    DMA_Handler                              0x000001bf   Thumb Code     0  startup_meteo.o(.text)
    DUALTIMER_HANDLER                        0x000001bf   Thumb Code     0  startup_meteo.o(.text)
    ETHERNET_Handler                         0x000001bf   Thumb Code     0  startup_meteo.o(.text)
    I2S_Handler                              0x000001bf   Thumb Code     0  startup_meteo.o(.text)
    PORT0_0_Handler                          0x000001bf   Thumb Code     0  startup_meteo.o(.text)
    PORT0_10_Handler                         0x000001bf   Thumb Code     0  startup_meteo.o(.text)
    PORT0_11_Handler                         0x000001bf   Thumb Code     0  startup_meteo.o(.text)
    PORT0_12_Handler                         0x000001bf   Thumb Code     0  startup_meteo.o(.text)
    PORT0_13_Handler                         0x000001bf   Thumb Code     0  startup_meteo.o(.text)
    PORT0_14_Handler                         0x000001bf   Thumb Code     0  startup_meteo.o(.text)
    PORT0_15_Handler                         0x000001bf   Thumb Code     0  startup_meteo.o(.text)
    PORT0_1_Handler                          0x000001bf   Thumb Code     0  startup_meteo.o(.text)
    PORT0_2_Handler                          0x000001bf   Thumb Code     0  startup_meteo.o(.text)
    PORT0_3_Handler                          0x000001bf   Thumb Code     0  startup_meteo.o(.text)
    PORT0_4_Handler                          0x000001bf   Thumb Code     0  startup_meteo.o(.text)
    PORT0_5_Handler                          0x000001bf   Thumb Code     0  startup_meteo.o(.text)
    PORT0_6_Handler                          0x000001bf   Thumb Code     0  startup_meteo.o(.text)
    PORT0_7_Handler                          0x000001bf   Thumb Code     0  startup_meteo.o(.text)
    PORT0_8_Handler                          0x000001bf   Thumb Code     0  startup_meteo.o(.text)
    PORT0_9_Handler                          0x000001bf   Thumb Code     0  startup_meteo.o(.text)
    PORT0_COMB_Handler                       0x000001bf   Thumb Code     0  startup_meteo.o(.text)
    PORT1_COMB_Handler                       0x000001bf   Thumb Code     0  startup_meteo.o(.text)
    SPI_ALL_Handler                          0x000001bf   Thumb Code     0  startup_meteo.o(.text)
    TIMER0_Handler                           0x000001bf   Thumb Code     0  startup_meteo.o(.text)
    TIMER1_Handler                           0x000001bf   Thumb Code     0  startup_meteo.o(.text)
    UARTOVF_Handler                          0x000001bf   Thumb Code     0  startup_meteo.o(.text)
    UARTRX2_Handler                          0x000001bf   Thumb Code     0  startup_meteo.o(.text)
    UARTTX0_Handler                          0x000001bf   Thumb Code     0  startup_meteo.o(.text)
    UARTTX1_Handler                          0x000001bf   Thumb Code     0  startup_meteo.o(.text)
    UARTTX2_Handler                          0x000001bf   Thumb Code     0  startup_meteo.o(.text)
    __user_initial_stackheap                 0x000001c1   Thumb Code    10  startup_meteo.o(.text)
    __2sprintf                               0x000001e5   Thumb Code    36  noretval__2sprintf.o(.text)
    __printf                                 0x0000020d   Thumb Code   270  __printf_wp.o(.text)
    srand                                    0x0000031d   Thumb Code    44  rand.o(.text)
    _rand_init                               0x00000349   Thumb Code     4  rand.o(.text)
    __aeabi_uidiv                            0x00000359   Thumb Code     0  aeabi_sdiv.o(.text)
    __aeabi_uidivmod                         0x00000359   Thumb Code    20  aeabi_sdiv.o(.text)
    __aeabi_idiv                             0x0000036d   Thumb Code     0  aeabi_sdiv.o(.text)
    __aeabi_idivmod                          0x0000036d   Thumb Code   326  aeabi_sdiv.o(.text)
    __use_two_region_memory                  0x000004b3   Thumb Code     2  heapauxi.o(.text)
    __rt_heap_escrow$2region                 0x000004b5   Thumb Code     2  heapauxi.o(.text)
    __rt_heap_expand$2region                 0x000004b7   Thumb Code     2  heapauxi.o(.text)
    __aeabi_f2d                              0x000004b9   Thumb Code     0  f2d.o(.text)
    _f2d                                     0x000004b9   Thumb Code    80  f2d.o(.text)
    __aeabi_fdiv                             0x0000050d   Thumb Code     0  fdiv.o(.text)
    _fdiv                                    0x0000050d   Thumb Code   334  fdiv.o(.text)
    _frdiv                                   0x0000065b   Thumb Code     8  fdiv.o(.text)
    __aeabi_f2iz                             0x0000066d   Thumb Code     0  ffixi.o(.text)
    _ffix                                    0x0000066d   Thumb Code    76  ffixi.o(.text)
    __aeabi_f2uiz                            0x000006b9   Thumb Code     0  ffixui.o(.text)
    _ffixu                                   0x000006b9   Thumb Code    48  ffixui.o(.text)
    __aeabi_i2f_normalise                    0x000006e9   Thumb Code    72  fflti.o(.text)
    __aeabi_i2f                              0x00000731   Thumb Code    16  fflti.o(.text)
    _fflt                                    0x00000731   Thumb Code     0  fflti.o(.text)
    __aeabi_ui2f                             0x00000741   Thumb Code     6  fflti.o(.text)
    _ffltu                                   0x00000741   Thumb Code     0  fflti.o(.text)
    __ARM_scalbnf                            0x00000749   Thumb Code    64  fscalbn.o(.text)
    __lib_sel_fp_printf                      0x0000078d   Thumb Code     2  _printf_fp_dec.o(.text)
    _printf_fp_dec_real                      0x0000092b   Thumb Code   620  _printf_fp_dec.o(.text)
    _printf_char_common                      0x00000baf   Thumb Code    32  _printf_char_common.o(.text)
    _sputc                                   0x00000bd5   Thumb Code    10  _sputc.o(.text)
    __rt_locale                              0x00000be1   Thumb Code     8  rt_locale_intlibspace.o(.text)
    _ll_udiv10                               0x00000be9   Thumb Code   122  lludiv10.o(.text)
    _printf_fp_infnan                        0x00000c65   Thumb Code   120  _printf_fp_infnan.o(.text)
    _btod_etento                             0x00000ced   Thumb Code   210  bigflt0.o(.text)
    _btod_d2e                                0x00000dc5   Thumb Code    64  btod.o(.text)
    _btod_emul                               0x000011f9   Thumb Code    28  btod.o(.text)
    _btod_emuld                              0x00001215   Thumb Code   144  btod.o(.text)
    _btod_ediv                               0x000012a5   Thumb Code    26  btod.o(.text)
    _btod_edivd                              0x000012bf   Thumb Code   124  btod.o(.text)
    __rt_udiv10                              0x00001345   Thumb Code    40  rtudiv10.o(.text)
    __user_libspace                          0x0000136d   Thumb Code     8  libspace.o(.text)
    __user_perproc_libspace                  0x0000136d   Thumb Code     0  libspace.o(.text)
    __user_perthread_libspace                0x0000136d   Thumb Code     0  libspace.o(.text)
    __user_setup_stackheap                   0x00001375   Thumb Code    62  sys_stackheap_outer.o(.text)
    exit                                     0x000013b3   Thumb Code    16  exit.o(.text)
    strcmp                                   0x000013c5   Thumb Code   132  strcmp.o(.text)
    _sys_exit                                0x0000144d   Thumb Code     8  sys_exit.o(.text)
    __I$use$semihosting                      0x00001459   Thumb Code     0  use_no_semi.o(.text)
    __use_no_semihosting_swi                 0x00001459   Thumb Code     2  use_no_semi.o(.text)
    __semihosting_library_function           0x0000145b   Thumb Code     0  indicate_semi.o(.text)
    APP_Display                              0x0000145d   Thumb Code    38  main.o(i.APP_Display)
    CMSDK_SendString                         0x00001495   Thumb Code    28  system_usart.o(i.CMSDK_SendString)
    CMSDK_gpio_SetOutEnable                  0x000014b5   Thumb Code    20  system_gpio.o(i.CMSDK_gpio_SetOutEnable)
    CMSDK_uart_ClearRxIRQ                    0x000014c9   Thumb Code     6  system_usart.o(i.CMSDK_uart_ClearRxIRQ)
    CMSDK_uart_SendChar                      0x000014cf   Thumb Code    10  system_usart.o(i.CMSDK_uart_SendChar)
    CMSDK_uart_init                          0x000014d9   Thumb Code    80  system_usart.o(i.CMSDK_uart_init)
    Damping_Control                          0x00001529   Thumb Code    16  msi001.o(i.Damping_Control)
    Display_FM                               0x00001539   Thumb Code   142  nixie_tube.o(i.Display_FM)
    Draw_Circle                              0x000015cd   Thumb Code   172  lcd.o(i.Draw_Circle)
    FM_Select                                0x00001679   Thumb Code    68  msi001.o(i.FM_Select)
    GPIO_ResetBits                           0x000016c9   Thumb Code     8  system_gpio.o(i.GPIO_ResetBits)
    GPIO_SetBits                             0x000016d1   Thumb Code     8  system_gpio.o(i.GPIO_SetBits)
    GetKEYNUM                                0x000016d9   Thumb Code    14  keyboard.o(i.GetKEYNUM)
    Get_Key_Value                            0x000016ed   Thumb Code    30  keyboard.o(i.Get_Key_Value)
    KeyValue_Tranformation                   0x0000170b   Thumb Code   128  keyboard.o(i.KeyValue_Tranformation)
    LCD_Address_Set                          0x0000178b   Thumb Code    78  lcd.o(i.LCD_Address_Set)
    LCD_Clear                                0x000017d9   Thumb Code    62  lcd.o(i.LCD_Clear)
    LCD_DrawLine                             0x0000181d   Thumb Code   166  lcd.o(i.LCD_DrawLine)
    LCD_DrawPoint                            0x000018c3   Thumb Code    20  lcd.o(i.LCD_DrawPoint)
    LCD_DrawRectangle                        0x000018d7   Thumb Code    72  lcd.o(i.LCD_DrawRectangle)
    LCD_Fill                                 0x0000191f   Thumb Code    54  lcd.o(i.LCD_Fill)
    LCD_Init                                 0x00001955   Thumb Code   628  lcd.o(i.LCD_Init)
    LCD_RD_DATA                              0x00001bd1   Thumb Code    22  lcd.o(i.LCD_RD_DATA)
    LCD_ShowChar                             0x00001bed   Thumb Code   272  lcd.o(i.LCD_ShowChar)
    LCD_ShowFloatNum1                        0x00001d0d   Thumb Code   146  lcd.o(i.LCD_ShowFloatNum1)
    LCD_ShowIntNum                           0x00001da5   Thumb Code   136  lcd.o(i.LCD_ShowIntNum)
    LCD_ShowString                           0x00001e2d   Thumb Code    50  lcd.o(i.LCD_ShowString)
    LCD_WR_DATA                              0x00001e61   Thumb Code    20  lcd.o(i.LCD_WR_DATA)
    LCD_WR_REG                               0x00001e79   Thumb Code    20  lcd.o(i.LCD_WR_REG)
    LCD_WR_data                              0x00001e91   Thumb Code    20  lcd.o(i.LCD_WR_data)
    MSI001_Init                              0x00001ea9   Thumb Code    84  msi001.o(i.MSI001_Init)
    MSI001_Write                             0x00001f0d   Thumb Code   164  msi001.o(i.MSI001_Write)
    OLED_Clear                               0x00001fb5   Thumb Code    58  oled.o(i.OLED_Clear)
    OLED_IIC_Start                           0x00001ff1   Thumb Code    38  oled.o(i.OLED_IIC_Start)
    OLED_IIC_Stop                            0x0000201d   Thumb Code    30  oled.o(i.OLED_IIC_Stop)
    OLED_IIC_Wait_Ack                        0x00002041   Thumb Code    22  oled.o(i.OLED_IIC_Wait_Ack)
    OLED_Init                                0x0000205d   Thumb Code   266  oled.o(i.OLED_Init)
    OLED_SHOW_FM                             0x0000216d   Thumb Code    70  oled.o(i.OLED_SHOW_FM)
    OLED_SHOW_QN                             0x000021bd   Thumb Code    70  oled.o(i.OLED_SHOW_QN)
    OLED_Set_Pos                             0x0000220d   Thumb Code    36  oled.o(i.OLED_Set_Pos)
    OLED_ShowChar                            0x00002231   Thumb Code   130  oled.o(i.OLED_ShowChar)
    OLED_ShowNum                             0x000022bd   Thumb Code   114  oled.o(i.OLED_ShowNum)
    OLED_ShowString                          0x0000232f   Thumb Code    52  oled.o(i.OLED_ShowString)
    OLED_WR_Byte                             0x00002363   Thumb Code    22  oled.o(i.OLED_WR_Byte)
    OLED_Write_IIC_Byte                      0x00002379   Thumb Code    72  oled.o(i.OLED_Write_IIC_Byte)
    OLED_Write_IIC_Command                   0x000023c5   Thumb Code    44  oled.o(i.OLED_Write_IIC_Command)
    OLED_Write_IIC_Data                      0x000023f1   Thumb Code    44  oled.o(i.OLED_Write_IIC_Data)
    SEG_Clear_all                            0x0000241d   Thumb Code    12  nixie_tube.o(i.SEG_Clear_all)
    START_AND_STOP                           0x00002431   Thumb Code    62  keyboard.o(i.START_AND_STOP)
    STOP                                     0x00002475   Thumb Code    40  nixie_tube.o(i.STOP)
    Search                                   0x0000249d   Thumb Code    60  main.o(i.Search)
    Set_Dir                                  0x000024f5   Thumb Code    28  lcd.o(i.Set_Dir)
    Show_Maps                                0x00002515   Thumb Code   772  main.o(i.Show_Maps)
    Standby                                  0x00002829   Thumb Code    36  nixie_tube.o(i.Standby)
    StoreFM_Display                          0x0000284d   Thumb Code   546  main.o(i.StoreFM_Display)
    SysTick_Handler                          0x00002a89   Thumb Code    10  delay.o(i.SysTick_Handler)
    SystemInit                               0x00002a99   Thumb Code     8  system_meteo.o(i.SystemInit)
    TAKE                                     0x00002aa9   Thumb Code    68  main.o(i.TAKE)
    Type_NUM                                 0x00002af9   Thumb Code   256  keyboard.o(i.Type_NUM)
    UARTRX0_Handler                          0x00002bfd   Thumb Code   360  main.o(i.UARTRX0_Handler)
    UARTRX1_Handler                          0x00002d89   Thumb Code  2244  main.o(i.UARTRX1_Handler)
    VOLUME                                   0x00003655   Thumb Code    80  main.o(i.VOLUME)
    VOLUME_Display                           0x000036c9   Thumb Code    42  main.o(i.VOLUME_Display)
    __ARM_common_ll_muluu                    0x000036f9   Thumb Code    48  btod.o(i.__ARM_common_ll_muluu)
    __ARM_fpclassify                         0x00003729   Thumb Code    40  fpclassify.o(i.__ARM_fpclassify)
    _is_digit                                0x00003755   Thumb Code    14  __printf_wp.o(i._is_digit)
    delay_ms                                 0x00003765   Thumb Code    24  delay.o(i.delay_ms)
    delay_us                                 0x00003781   Thumb Code    32  delay.o(i.delay_us)
    main                                     0x000037a5   Thumb Code   590  main.o(i.main)
    mypow                                    0x00003a55   Thumb Code    20  lcd.o(i.mypow)
    nixie_display_dos                        0x00003a69   Thumb Code    52  nixie_tube.o(i.nixie_display_dos)
    nixie_display_num                        0x00003aa5   Thumb Code    78  nixie_tube.o(i.nixie_display_num)
    oled_pow                                 0x00003b0d   Thumb Code    20  oled.o(i.oled_pow)
    _get_lc_numeric                          0x00003b21   Thumb Code    44  lc_numeric_c.o(locale$$code)
    __aeabi_fadd                             0x00003b4d   Thumb Code     0  faddsub.o(x$fpl$fadd)
    _fadd                                    0x00003b4d   Thumb Code   134  faddsub.o(x$fpl$fadd)
    __aeabi_fmul                             0x00003bd9   Thumb Code     0  fmul.o(x$fpl$fmul)
    _fmul                                    0x00003bd9   Thumb Code   172  fmul.o(x$fpl$fmul)
    __aeabi_frsub                            0x00003c89   Thumb Code     0  faddsub.o(x$fpl$frsb)
    _frsb                                    0x00003c89   Thumb Code    24  faddsub.o(x$fpl$frsb)
    __aeabi_fsub                             0x00003ca1   Thumb Code     0  faddsub.o(x$fpl$fsub)
    _fsub                                    0x00003ca1   Thumb Code   204  faddsub.o(x$fpl$fsub)
    _printf_fp_dec                           0x00003d71   Thumb Code    16  printf1.o(x$fpl$printf1)
    F6x8                                     0x00003d80   Data         552  oled.o(.constdata)
    __I$use$fp                               0x00003d80   Number         0  usenofp.o(x$fpl$usenofp)
    F8X16                                    0x00003fa8   Data        1520  oled.o(.constdata)
    ascii_1206                               0x00004598   Data        1140  lcd.o(.constdata)
    ascii_1608                               0x00004a0c   Data        1520  lcd.o(.constdata)
    ascii_2412                               0x00004ffc   Data        4560  lcd.o(.constdata)
    ascii_3216                               0x000061cc   Data        6080  lcd.o(.constdata)
    Region$$Table$$Base                      0x00007a60   Number         0  anon$$obj.o(Region$$Table)
    Region$$Table$$Limit                     0x00007a80   Number         0  anon$$obj.o(Region$$Table)
    Volume                                   0x20000000   Data           1  main.o(.data)
    stop                                     0x20000002   Data           2  main.o(.data)
    FM_Store                                 0x20000004   Data           4  main.o(.data)
    Search_value                             0x20000008   Data           4  main.o(.data)
    Gate                                     0x2000000c   Data           4  main.o(.data)
    lcd_x                                    0x20000010   Data           4  main.o(.data)
    lcd_y                                    0x20000014   Data           4  main.o(.data)
    APP_SendBuffer                           0x20000018   Data           5  main.o(.data)
    SystemCoreClock                          0x20000020   Data           4  system_meteo.o(.data)
    value                                    0x20000024   Data           4  nixie_tube.o(.data)
    FM_Value                                 0x20000028   Data           4  keyboard.o(.data)
    lcddev                                   0x2000002c   Data           6  lcd.o(.data)
    SysTickCntr                              0x20000034   Data           4  delay.o(.data)
    FM_STORE                                 0x20000038   Data         800  main.o(.bss)
    _random_number_data                      0x20000358   Data         228  rand.o(.bss)
    __libspace_start                         0x2000043c   Data          96  libspace.o(.bss)
    __temporary_stack_top$libspace           0x2000049c   Data           0  libspace.o(.bss)



==============================================================================

Memory Map of the image

  Image Entry point : 0x000000a9

  Load Region LR_IROM1 (Base: 0x00000000, Size: 0x00007ad4, Max: 0x00008000, ABSOLUTE)

    Execution Region ER_IROM1 (Exec base: 0x00000000, Load base: 0x00000000, Size: 0x00007a9c, Max: 0x00008000, ABSOLUTE)

    Exec Addr    Load Addr    Size         Type   Attr      Idx    E Section Name        Object

    0x00000000   0x00000000   0x000000a8   Data   RO            3    RESET               startup_meteo.o
    0x000000a8   0x000000a8   0x00000008   Code   RO         1167  * !!!main             c_p.l(__main.o)
    0x000000b0   0x000000b0   0x0000003c   Code   RO         1506    !!!scatter          c_p.l(__scatter.o)
    0x000000ec   0x000000ec   0x0000001a   Code   RO         1508    !!handler_copy      c_p.l(__scatter_copy.o)
    0x00000106   0x00000106   0x00000002   PAD
    0x00000108   0x00000108   0x0000001c   Code   RO         1510    !!handler_zi        c_p.l(__scatter_zi.o)
    0x00000124   0x00000124   0x00000002   Code   RO         1155    .ARM.Collect$$_printf_percent$$00000000  c_p.l(_printf_percent.o)
    0x00000126   0x00000126   0x0000000a   Code   RO         1154    .ARM.Collect$$_printf_percent$$00000003  c_p.l(_printf_f.o)
    0x00000130   0x00000130   0x00000004   Code   RO         1207    .ARM.Collect$$_printf_percent$$00000017  c_p.l(_printf_percent_end.o)
    0x00000134   0x00000134   0x00000002   Code   RO         1341    .ARM.Collect$$libinit$$00000000  c_p.l(libinit.o)
    0x00000136   0x00000136   0x00000000   Code   RO         1211    .ARM.Collect$$libinit$$00000002  c_p.l(libinit2.o)
    0x00000136   0x00000136   0x00000000   Code   RO         1213    .ARM.Collect$$libinit$$00000004  c_p.l(libinit2.o)
    0x00000136   0x00000136   0x00000000   Code   RO         1216    .ARM.Collect$$libinit$$0000000A  c_p.l(libinit2.o)
    0x00000136   0x00000136   0x00000000   Code   RO         1218    .ARM.Collect$$libinit$$0000000C  c_p.l(libinit2.o)
    0x00000136   0x00000136   0x00000004   Code   RO         1219    .ARM.Collect$$libinit$$0000000D  c_p.l(libinit2.o)
    0x0000013a   0x0000013a   0x00000000   Code   RO         1220    .ARM.Collect$$libinit$$0000000E  c_p.l(libinit2.o)
    0x0000013a   0x0000013a   0x00000006   Code   RO         1221    .ARM.Collect$$libinit$$0000000F  c_p.l(libinit2.o)
    0x00000140   0x00000140   0x00000000   Code   RO         1223    .ARM.Collect$$libinit$$00000011  c_p.l(libinit2.o)
    0x00000140   0x00000140   0x00000000   Code   RO         1225    .ARM.Collect$$libinit$$00000013  c_p.l(libinit2.o)
    0x00000140   0x00000140   0x00000000   Code   RO         1227    .ARM.Collect$$libinit$$00000015  c_p.l(libinit2.o)
    0x00000140   0x00000140   0x0000000a   Code   RO         1228    .ARM.Collect$$libinit$$00000016  c_p.l(libinit2.o)
    0x0000014a   0x0000014a   0x00000000   Code   RO         1229    .ARM.Collect$$libinit$$00000017  c_p.l(libinit2.o)
    0x0000014a   0x0000014a   0x00000000   Code   RO         1231    .ARM.Collect$$libinit$$00000019  c_p.l(libinit2.o)
    0x0000014a   0x0000014a   0x00000000   Code   RO         1233    .ARM.Collect$$libinit$$0000001B  c_p.l(libinit2.o)
    0x0000014a   0x0000014a   0x00000000   Code   RO         1235    .ARM.Collect$$libinit$$0000001D  c_p.l(libinit2.o)
    0x0000014a   0x0000014a   0x00000000   Code   RO         1237    .ARM.Collect$$libinit$$0000001F  c_p.l(libinit2.o)
    0x0000014a   0x0000014a   0x00000000   Code   RO         1239    .ARM.Collect$$libinit$$00000021  c_p.l(libinit2.o)
    0x0000014a   0x0000014a   0x00000000   Code   RO         1241    .ARM.Collect$$libinit$$00000023  c_p.l(libinit2.o)
    0x0000014a   0x0000014a   0x00000000   Code   RO         1243    .ARM.Collect$$libinit$$00000025  c_p.l(libinit2.o)
    0x0000014a   0x0000014a   0x00000000   Code   RO         1247    .ARM.Collect$$libinit$$0000002C  c_p.l(libinit2.o)
    0x0000014a   0x0000014a   0x00000000   Code   RO         1249    .ARM.Collect$$libinit$$0000002E  c_p.l(libinit2.o)
    0x0000014a   0x0000014a   0x00000000   Code   RO         1251    .ARM.Collect$$libinit$$00000030  c_p.l(libinit2.o)
    0x0000014a   0x0000014a   0x00000000   Code   RO         1253    .ARM.Collect$$libinit$$00000032  c_p.l(libinit2.o)
    0x0000014a   0x0000014a   0x00000002   Code   RO         1254    .ARM.Collect$$libinit$$00000033  c_p.l(libinit2.o)
    0x0000014c   0x0000014c   0x00000002   Code   RO         1431    .ARM.Collect$$libshutdown$$00000000  c_p.l(libshutdown.o)
    0x0000014e   0x0000014e   0x00000000   Code   RO         1453    .ARM.Collect$$libshutdown$$00000002  c_p.l(libshutdown2.o)
    0x0000014e   0x0000014e   0x00000000   Code   RO         1455    .ARM.Collect$$libshutdown$$00000004  c_p.l(libshutdown2.o)
    0x0000014e   0x0000014e   0x00000000   Code   RO         1457    .ARM.Collect$$libshutdown$$00000006  c_p.l(libshutdown2.o)
    0x0000014e   0x0000014e   0x00000000   Code   RO         1460    .ARM.Collect$$libshutdown$$00000009  c_p.l(libshutdown2.o)
    0x0000014e   0x0000014e   0x00000000   Code   RO         1463    .ARM.Collect$$libshutdown$$0000000C  c_p.l(libshutdown2.o)
    0x0000014e   0x0000014e   0x00000000   Code   RO         1465    .ARM.Collect$$libshutdown$$0000000E  c_p.l(libshutdown2.o)
    0x0000014e   0x0000014e   0x00000000   Code   RO         1468    .ARM.Collect$$libshutdown$$00000011  c_p.l(libshutdown2.o)
    0x0000014e   0x0000014e   0x00000002   Code   RO         1469    .ARM.Collect$$libshutdown$$00000012  c_p.l(libshutdown2.o)
    0x00000150   0x00000150   0x00000000   Code   RO         1196    .ARM.Collect$$rtentry$$00000000  c_p.l(__rtentry.o)
    0x00000150   0x00000150   0x00000000   Code   RO         1257    .ARM.Collect$$rtentry$$00000002  c_p.l(__rtentry2.o)
    0x00000150   0x00000150   0x00000006   Code   RO         1269    .ARM.Collect$$rtentry$$00000004  c_p.l(__rtentry4.o)
    0x00000156   0x00000156   0x00000000   Code   RO         1259    .ARM.Collect$$rtentry$$00000009  c_p.l(__rtentry2.o)
    0x00000156   0x00000156   0x00000004   Code   RO         1260    .ARM.Collect$$rtentry$$0000000A  c_p.l(__rtentry2.o)
    0x0000015a   0x0000015a   0x00000000   Code   RO         1262    .ARM.Collect$$rtentry$$0000000C  c_p.l(__rtentry2.o)
    0x0000015a   0x0000015a   0x00000008   Code   RO         1263    .ARM.Collect$$rtentry$$0000000D  c_p.l(__rtentry2.o)
    0x00000162   0x00000162   0x00000002   Code   RO         1357    .ARM.Collect$$rtexit$$00000000  c_p.l(rtexit.o)
    0x00000164   0x00000164   0x00000000   Code   RO         1390    .ARM.Collect$$rtexit$$00000002  c_p.l(rtexit2.o)
    0x00000164   0x00000164   0x00000004   Code   RO         1391    .ARM.Collect$$rtexit$$00000003  c_p.l(rtexit2.o)
    0x00000168   0x00000168   0x00000006   Code   RO         1392    .ARM.Collect$$rtexit$$00000004  c_p.l(rtexit2.o)
    0x0000016e   0x0000016e   0x00000002   PAD
    0x00000170   0x00000170   0x00000038   Code   RO         1156    .emb_text           c_p.l(rand.o)
    0x000001a8   0x000001a8   0x0000003c   Code   RO            4    .text               startup_meteo.o
    0x000001e4   0x000001e4   0x00000028   Code   RO         1130    .text               c_p.l(noretval__2sprintf.o)
    0x0000020c   0x0000020c   0x0000010e   Code   RO         1142    .text               c_p.l(__printf_wp.o)
    0x0000031a   0x0000031a   0x00000002   PAD
    0x0000031c   0x0000031c   0x0000003c   Code   RO         1157    .text               c_p.l(rand.o)
    0x00000358   0x00000358   0x0000015a   Code   RO         1161    .text               c_p.l(aeabi_sdiv.o)
    0x000004b2   0x000004b2   0x00000006   Code   RO         1165    .text               c_p.l(heapauxi.o)
    0x000004b8   0x000004b8   0x00000054   Code   RO         1169    .text               fz_ps.l(f2d.o)
    0x0000050c   0x0000050c   0x00000160   Code   RO         1177    .text               fz_ps.l(fdiv.o)
    0x0000066c   0x0000066c   0x0000004c   Code   RO         1180    .text               fz_ps.l(ffixi.o)
    0x000006b8   0x000006b8   0x00000030   Code   RO         1182    .text               fz_ps.l(ffixui.o)
    0x000006e8   0x000006e8   0x0000005e   Code   RO         1184    .text               fz_ps.l(fflti.o)
    0x00000746   0x00000746   0x00000002   PAD
    0x00000748   0x00000748   0x00000044   Code   RO         1188    .text               fz_ps.l(fscalbn.o)
    0x0000078c   0x0000078c   0x00000418   Code   RO         1201    .text               c_p.l(_printf_fp_dec.o)
    0x00000ba4   0x00000ba4   0x00000030   Code   RO         1203    .text               c_p.l(_printf_char_common.o)
    0x00000bd4   0x00000bd4   0x0000000a   Code   RO         1205    .text               c_p.l(_sputc.o)
    0x00000bde   0x00000bde   0x00000002   PAD
    0x00000be0   0x00000be0   0x00000008   Code   RO         1276    .text               c_p.l(rt_locale_intlibspace.o)
    0x00000be8   0x00000be8   0x0000007a   Code   RO         1278    .text               c_p.l(lludiv10.o)
    0x00000c62   0x00000c62   0x00000002   PAD
    0x00000c64   0x00000c64   0x00000088   Code   RO         1280    .text               c_p.l(_printf_fp_infnan.o)
    0x00000cec   0x00000cec   0x000000d8   Code   RO         1286    .text               c_p.l(bigflt0.o)
    0x00000dc4   0x00000dc4   0x00000580   Code   RO         1289    .text               c_p.l(btod.o)
    0x00001344   0x00001344   0x00000028   Code   RO         1296    .text               c_p.l(rtudiv10.o)
    0x0000136c   0x0000136c   0x00000008   Code   RO         1312    .text               c_p.l(libspace.o)
    0x00001374   0x00001374   0x0000003e   Code   RO         1315    .text               c_p.l(sys_stackheap_outer.o)
    0x000013b2   0x000013b2   0x00000010   Code   RO         1324    .text               c_p.l(exit.o)
    0x000013c2   0x000013c2   0x00000002   PAD
    0x000013c4   0x000013c4   0x00000088   Code   RO         1330    .text               c_p.l(strcmp.o)
    0x0000144c   0x0000144c   0x0000000c   Code   RO         1384    .text               c_p.l(sys_exit.o)
    0x00001458   0x00001458   0x00000002   Code   RO         1386    .text               c_p.l(use_no_semi.o)
    0x0000145a   0x0000145a   0x00000000   Code   RO         1388    .text               c_p.l(indicate_semi.o)
    0x0000145a   0x0000145a   0x00000002   PAD
    0x0000145c   0x0000145c   0x00000038   Code   RO           67    i.APP_Display       main.o
    0x00001494   0x00001494   0x00000020   Code   RO          302    i.CMSDK_SendString  system_usart.o
    0x000014b4   0x000014b4   0x00000014   Code   RO          251    i.CMSDK_gpio_SetOutEnable  system_gpio.o
    0x000014c8   0x000014c8   0x00000006   Code   RO          304    i.CMSDK_uart_ClearRxIRQ  system_usart.o
    0x000014ce   0x000014ce   0x0000000a   Code   RO          313    i.CMSDK_uart_SendChar  system_usart.o
    0x000014d8   0x000014d8   0x00000050   Code   RO          314    i.CMSDK_uart_init   system_usart.o
    0x00001528   0x00001528   0x00000010   Code   RO          405    i.Damping_Control   msi001.o
    0x00001538   0x00001538   0x00000094   Code   RO          552    i.Display_FM        nixie_tube.o
    0x000015cc   0x000015cc   0x000000ac   Code   RO          939    i.Draw_Circle       lcd.o
    0x00001678   0x00001678   0x00000050   Code   RO          406    i.FM_Select         msi001.o
    0x000016c8   0x000016c8   0x00000008   Code   RO          252    i.GPIO_ResetBits    system_gpio.o
    0x000016d0   0x000016d0   0x00000008   Code   RO          253    i.GPIO_SetBits      system_gpio.o
    0x000016d8   0x000016d8   0x00000014   Code   RO          608    i.GetKEYNUM         keyboard.o
    0x000016ec   0x000016ec   0x0000001e   Code   RO          609    i.Get_Key_Value     keyboard.o
    0x0000170a   0x0000170a   0x00000080   Code   RO          610    i.KeyValue_Tranformation  keyboard.o
    0x0000178a   0x0000178a   0x0000004e   Code   RO          941    i.LCD_Address_Set   lcd.o
    0x000017d8   0x000017d8   0x00000044   Code   RO          942    i.LCD_Clear         lcd.o
    0x0000181c   0x0000181c   0x000000a6   Code   RO          943    i.LCD_DrawLine      lcd.o
    0x000018c2   0x000018c2   0x00000014   Code   RO          944    i.LCD_DrawPoint     lcd.o
    0x000018d6   0x000018d6   0x00000048   Code   RO          945    i.LCD_DrawRectangle  lcd.o
    0x0000191e   0x0000191e   0x00000036   Code   RO          946    i.LCD_Fill          lcd.o
    0x00001954   0x00001954   0x0000027c   Code   RO          947    i.LCD_Init          lcd.o
    0x00001bd0   0x00001bd0   0x0000001c   Code   RO          948    i.LCD_RD_DATA       lcd.o
    0x00001bec   0x00001bec   0x00000120   Code   RO          949    i.LCD_ShowChar      lcd.o
    0x00001d0c   0x00001d0c   0x00000098   Code   RO          950    i.LCD_ShowFloatNum1  lcd.o
    0x00001da4   0x00001da4   0x00000088   Code   RO          951    i.LCD_ShowIntNum    lcd.o
    0x00001e2c   0x00001e2c   0x00000032   Code   RO          953    i.LCD_ShowString    lcd.o
    0x00001e5e   0x00001e5e   0x00000002   PAD
    0x00001e60   0x00001e60   0x00000018   Code   RO          954    i.LCD_WR_DATA       lcd.o
    0x00001e78   0x00001e78   0x00000018   Code   RO          955    i.LCD_WR_REG        lcd.o
    0x00001e90   0x00001e90   0x00000018   Code   RO          956    i.LCD_WR_data       lcd.o
    0x00001ea8   0x00001ea8   0x00000064   Code   RO          407    i.MSI001_Init       msi001.o
    0x00001f0c   0x00001f0c   0x000000a8   Code   RO          408    i.MSI001_Write      msi001.o
    0x00001fb4   0x00001fb4   0x0000003a   Code   RO          660    i.OLED_Clear        oled.o
    0x00001fee   0x00001fee   0x00000002   PAD
    0x00001ff0   0x00001ff0   0x0000002c   Code   RO          664    i.OLED_IIC_Start    oled.o
    0x0000201c   0x0000201c   0x00000024   Code   RO          665    i.OLED_IIC_Stop     oled.o
    0x00002040   0x00002040   0x0000001c   Code   RO          666    i.OLED_IIC_Wait_Ack  oled.o
    0x0000205c   0x0000205c   0x00000110   Code   RO          667    i.OLED_Init         oled.o
    0x0000216c   0x0000216c   0x00000050   Code   RO          669    i.OLED_SHOW_FM      oled.o
    0x000021bc   0x000021bc   0x00000050   Code   RO          670    i.OLED_SHOW_QN      oled.o
    0x0000220c   0x0000220c   0x00000024   Code   RO          671    i.OLED_Set_Pos      oled.o
    0x00002230   0x00002230   0x0000008c   Code   RO          673    i.OLED_ShowChar     oled.o
    0x000022bc   0x000022bc   0x00000072   Code   RO          675    i.OLED_ShowNum      oled.o
    0x0000232e   0x0000232e   0x00000034   Code   RO          676    i.OLED_ShowString   oled.o
    0x00002362   0x00002362   0x00000016   Code   RO          677    i.OLED_WR_Byte      oled.o
    0x00002378   0x00002378   0x0000004c   Code   RO          678    i.OLED_Write_IIC_Byte  oled.o
    0x000023c4   0x000023c4   0x0000002c   Code   RO          679    i.OLED_Write_IIC_Command  oled.o
    0x000023f0   0x000023f0   0x0000002c   Code   RO          680    i.OLED_Write_IIC_Data  oled.o
    0x0000241c   0x0000241c   0x00000014   Code   RO          553    i.SEG_Clear_all     nixie_tube.o
    0x00002430   0x00002430   0x00000044   Code   RO          611    i.START_AND_STOP    keyboard.o
    0x00002474   0x00002474   0x00000028   Code   RO          554    i.STOP              nixie_tube.o
    0x0000249c   0x0000249c   0x00000058   Code   RO           69    i.Search            main.o
    0x000024f4   0x000024f4   0x00000020   Code   RO          958    i.Set_Dir           lcd.o
    0x00002514   0x00002514   0x00000314   Code   RO           70    i.Show_Maps         main.o
    0x00002828   0x00002828   0x00000024   Code   RO          555    i.Standby           nixie_tube.o
    0x0000284c   0x0000284c   0x0000023c   Code   RO           71    i.StoreFM_Display   main.o
    0x00002a88   0x00002a88   0x00000010   Code   RO         1093    i.SysTick_Handler   delay.o
    0x00002a98   0x00002a98   0x00000010   Code   RO          216    i.SystemInit        system_meteo.o
    0x00002aa8   0x00002aa8   0x00000050   Code   RO           72    i.TAKE              main.o
    0x00002af8   0x00002af8   0x00000104   Code   RO          612    i.Type_NUM          keyboard.o
    0x00002bfc   0x00002bfc   0x0000018c   Code   RO           73    i.UARTRX0_Handler   main.o
    0x00002d88   0x00002d88   0x000008cc   Code   RO           74    i.UARTRX1_Handler   main.o
    0x00003654   0x00003654   0x00000074   Code   RO           75    i.VOLUME            main.o
    0x000036c8   0x000036c8   0x00000030   Code   RO           76    i.VOLUME_Display    main.o
    0x000036f8   0x000036f8   0x00000030   Code   RO         1291    i.__ARM_common_ll_muluu  c_p.l(btod.o)
    0x00003728   0x00003728   0x0000002c   Code   RO         1304    i.__ARM_fpclassify  m_ps.l(fpclassify.o)
    0x00003754   0x00003754   0x0000000e   Code   RO         1144    i._is_digit         c_p.l(__printf_wp.o)
    0x00003762   0x00003762   0x00000002   PAD
    0x00003764   0x00003764   0x0000001c   Code   RO         1094    i.delay_ms          delay.o
    0x00003780   0x00003780   0x00000024   Code   RO         1095    i.delay_us          delay.o
    0x000037a4   0x000037a4   0x000002b0   Code   RO           77    i.main              main.o
    0x00003a54   0x00003a54   0x00000014   Code   RO          959    i.mypow             lcd.o
    0x00003a68   0x00003a68   0x0000003c   Code   RO          556    i.nixie_display_dos  nixie_tube.o
    0x00003aa4   0x00003aa4   0x00000068   Code   RO          557    i.nixie_display_num  nixie_tube.o
    0x00003b0c   0x00003b0c   0x00000014   Code   RO          682    i.oled_pow          oled.o
    0x00003b20   0x00003b20   0x0000002c   Code   RO         1294    locale$$code        c_p.l(lc_numeric_c.o)
    0x00003b4c   0x00003b4c   0x0000008c   Code   RO         1171    x$fpl$fadd          fz_ps.l(faddsub.o)
    0x00003bd8   0x00003bd8   0x000000b0   Code   RO         1186    x$fpl$fmul          fz_ps.l(fmul.o)
    0x00003c88   0x00003c88   0x00000018   Code   RO         1172    x$fpl$frsb          fz_ps.l(faddsub.o)
    0x00003ca0   0x00003ca0   0x000000d0   Code   RO         1173    x$fpl$fsub          fz_ps.l(faddsub.o)
    0x00003d70   0x00003d70   0x00000010   Code   RO         1190    x$fpl$printf1       fz_ps.l(printf1.o)
    0x00003d80   0x00003d80   0x00000000   Code   RO         1255    x$fpl$usenofp       fz_ps.l(usenofp.o)
    0x00003d80   0x00003d80   0x00000818   Data   RO          683    .constdata          oled.o
    0x00004598   0x00004598   0x000033f4   Data   RO          960    .constdata          lcd.o
    0x0000798c   0x0000798c   0x00000040   Data   RO         1178    .constdata          fz_ps.l(fdiv.o)
    0x000079cc   0x000079cc   0x00000094   Data   RO         1287    .constdata          c_p.l(bigflt0.o)
    0x00007a60   0x00007a60   0x00000020   Data   RO         1504    Region$$Table       anon$$obj.o
    0x00007a80   0x00007a80   0x0000001c   Data   RO         1293    locale$$data        c_p.l(lc_numeric_c.o)


    Execution Region RW_IRAM1 (Exec base: 0x20000000, Load base: 0x00007a9c, Size: 0x000007a0, Max: 0x00001000, ABSOLUTE)

    Exec Addr    Load Addr    Size         Type   Attr      Idx    E Section Name        Object

    0x20000000   0x00007a9c   0x0000001d   Data   RW           79    .data               main.o
    0x2000001d   0x00007ab9   0x00000003   PAD
    0x20000020   0x00007abc   0x00000004   Data   RW          218    .data               system_meteo.o
    0x20000024   0x00007ac0   0x00000004   Data   RW          558    .data               nixie_tube.o
    0x20000028   0x00007ac4   0x00000004   Data   RW          613    .data               keyboard.o
    0x2000002c   0x00007ac8   0x00000006   Data   RW          965    .data               lcd.o
    0x20000032   0x00007ace   0x00000002   PAD
    0x20000034   0x00007ad0   0x00000004   Data   RW         1096    .data               delay.o
    0x20000038        -       0x00000320   Zero   RW           78    .bss                main.o
    0x20000358        -       0x000000e4   Zero   RW         1158    .bss                c_p.l(rand.o)
    0x2000043c        -       0x00000060   Zero   RW         1313    .bss                c_p.l(libspace.o)
    0x2000049c   0x00007ad4   0x00000004   PAD
    0x200004a0        -       0x00000100   Zero   RW            2    HEAP                startup_meteo.o
    0x200005a0        -       0x00000200   Zero   RW            1    STACK               startup_meteo.o


==============================================================================

Image component sizes


      Code (inc. data)   RO Data    RW Data    ZI Data      Debug   Object Name

        80         14          0          4          0       1886   delay.o
       506         16          0          4          0       4252   keyboard.o
      2044         58      13300          6          0      15304   lcd.o
         0          0          0          0          0      35608   led.o
      5084        390          0         29        800      46392   main.o
       364         32          0          0          0       2359   msi001.o
       408         48          0          4          0       3426   nixie_tube.o
      1146         58       2072          0          0       9868   oled.o
        60         26        168          0        768        732   startup_meteo.o
        36          0          0          0          0       1910   system_gpio.o
        16          8          0          4          0        751   system_meteo.o
       128          4          0          0          0       3043   system_usart.o

    ----------------------------------------------------------------------
      9876        654      15572         56       1568     125531   Object Totals
         0          0         32          0          0          0   (incl. Generated)
         4          0          0          5          0          0   (incl. Padding)

    ----------------------------------------------------------------------

      Code (inc. data)   RO Data    RW Data    ZI Data      Debug   Library Member Name

         8          0          0          0          0         68   __main.o
       284          0          0          0          0        136   __printf_wp.o
         0          0          0          0          0          0   __rtentry.o
        12          0          0          0          0          0   __rtentry2.o
         6          0          0          0          0          0   __rtentry4.o
        60          8          0          0          0          0   __scatter.o
        26          0          0          0          0          0   __scatter_copy.o
        28          0          0          0          0          0   __scatter_zi.o
        48          6          0          0          0         88   _printf_char_common.o
        10          0          0          0          0          0   _printf_f.o
      1048         14          0          0          0        176   _printf_fp_dec.o
       136         16          0          0          0         76   _printf_fp_infnan.o
         2          0          0          0          0          0   _printf_percent.o
         4          0          0          0          0          0   _printf_percent_end.o
        10          0          0          0          0         60   _sputc.o
       346          0          0          0          0         92   aeabi_sdiv.o
       216          6        148          0          0         80   bigflt0.o
      1456         30          0          0          0        336   btod.o
        16          0          0          0          0         68   exit.o
         6          0          0          0          0        136   heapauxi.o
         0          0          0          0          0          0   indicate_semi.o
        44         10         28          0          0         76   lc_numeric_c.o
         2          0          0          0          0          0   libinit.o
        22          0          0          0          0          0   libinit2.o
         2          0          0          0          0          0   libshutdown.o
         2          0          0          0          0          0   libshutdown2.o
         8          4          0          0         96         68   libspace.o
       122          0          0          0          0         72   lludiv10.o
        40          4          0          0          0         84   noretval__2sprintf.o
       116         16          0          0        228        156   rand.o
         8          4          0          0          0         68   rt_locale_intlibspace.o
         2          0          0          0          0          0   rtexit.o
        10          0          0          0          0          0   rtexit2.o
        40          0          0          0          0         60   rtudiv10.o
       136          4          0          0          0         72   strcmp.o
        12          4          0          0          0         60   sys_exit.o
        62          0          0          0          0         80   sys_stackheap_outer.o
         2          0          0          0          0         68   use_no_semi.o
        84          4          0          0          0         60   f2d.o
       372          8          0          0          0        240   faddsub.o
       352         10         64          0          0         92   fdiv.o
        76          0          0          0          0         68   ffixi.o
        48          0          0          0          0         60   ffixui.o
        94          0          0          0          0         92   fflti.o
       176          4          0          0          0         80   fmul.o
        68          4          0          0          0         68   fscalbn.o
        16          4          0          0          0         76   printf1.o
         0          0          0          0          0          0   usenofp.o
        44          4          0          0          0         60   fpclassify.o

    ----------------------------------------------------------------------
      5700        164        240          0        328       3076   Library Totals
        18          0          0          0          4          0   (incl. Padding)

    ----------------------------------------------------------------------

      Code (inc. data)   RO Data    RW Data    ZI Data      Debug   Library Name

      4352        126        176          0        324       2180   c_p.l
      1286         34         64          0          0        836   fz_ps.l
        44          4          0          0          0         60   m_ps.l

    ----------------------------------------------------------------------
      5700        164        240          0        328       3076   Library Totals

    ----------------------------------------------------------------------

==============================================================================


      Code (inc. data)   RO Data    RW Data    ZI Data      Debug   

     15576        818      15812         56       1896     124131   Grand Totals
     15576        818      15812         56       1896     124131   ELF Image Totals
     15576        818      15812         56          0          0   ROM Totals

==============================================================================

    Total RO  Size (Code + RO Data)                31388 (  30.65kB)
    Total RW  Size (RW Data + ZI Data)              1952 (   1.91kB)
    Total ROM Size (Code + RO Data + RW Data)      31444 (  30.71kB)

==============================================================================

